--- Procesando 10_Impl_11_CustomTools_Queries_ES: 8 diapositivas pedagógicas seleccionadas ---
=== INICIANDO GENERACIÓN BATCH DE VIDEOS EDUCATIVOS (121 MANUALES) ===

[1/121] Procesando: 10_AccBasics_11_AccBasics_Financial_Basics_ES
--- Procesando 10_AccBasics_11_AccBasics_Financial_Basics_ES: 8 diapositivas pedagógicas seleccionadas ---
[OK] Exito: 10_AccBasics_11_AccBasics_Financial_Basics_ES completado (8 slides, 135.4s, video guardado).

[2/121] Procesando: 10_AccBasics_12_AccBasics_Automatic_Journal_Entries_ES
--- Procesando 10_AccBasics_12_AccBasics_Automatic_Journal_Entries_ES: 12 diapositivas pedagógicas seleccionadas ---
[OK] Exito: 10_AccBasics_12_AccBasics_Automatic_Journal_Entries_ES completado (12 slides, 211.8s, video guardado).

[3/121] Procesando: 10_BankProcess_11_Handling_Payments_ES
--- Procesando 10_BankProcess_11_Handling_Payments_ES: 8 diapositivas pedagógicas seleccionadas ---
[OK] Exito: 10_BankProcess_11_Handling_Payments_ES completado (8 slides, 152.4s, video guardado).

[4/121] Procesando: 10_BankProcess_12_Payments_Payment Wizard_ES
--- Procesando 10_BankProcess_12_Payments_Payment Wizard_ES: 10 diapositivas pedagógicas seleccionadas ---
[OK] Exito: 10_BankProcess_12_Payments_Payment Wizard_ES completado (10 slides, 175.6s, video guardado).

[5/121] Procesando: 10_BankProcess_21_BankReconcile_Overview_ES
--- Procesando 10_BankProcess_21_BankReconcile_Overview_ES: 8 diapositivas pedagógicas seleccionadas ---
[OK] Exito: 10_BankProcess_21_BankReconcile_Overview_ES completado (8 slides, 159.4s, video guardado).

[6/121] Procesando: 10_BinLoc_11_Overview_Overview_ES
--- Procesando 10_BinLoc_11_Overview_Overview_ES: 8 diapositivas pedagógicas seleccionadas ---
[OK] Exito: 10_BinLoc_11_Overview_Overview_ES completado (8 slides, 126.1s, video guardado).

[7/121] Procesando: 10_BinLoc_12_Setup_Setup
--- Procesando 10_BinLoc_12_Setup_Setup: 8 diapositivas pedagógicas seleccionadas ---
[OK] Exito: 10_BinLoc_12_Setup_Setup completado (8 slides, 144.8s, video guardado).

[8/121] Procesando: 10_BinLoc_13_Process_Process
--- Procesando 10_BinLoc_13_Process_Process: 7 diapositivas pedagógicas seleccionadas ---
[OK] Exito: 10_BinLoc_13_Process_Process completado (7 slides, 111.7s, video guardado).

[9/121] Procesando: 10_BinLoc_14_Process_Weight
--- Procesando 10_BinLoc_14_Process_Weight: 12 diapositivas pedagógicas seleccionadas ---
[OK] Exito: 10_BinLoc_14_Process_Weight completado (12 slides, 189.6s, video guardado).

[10/121] Procesando: 10_BinLoc_15_Reporting_Reporting
--- Procesando 10_BinLoc_15_Reporting_Reporting: 8 diapositivas pedagógicas seleccionadas ---
[OK] Exito: 10_BinLoc_15_Reporting_Reporting completado (8 slides, 137.2s, video guardado).

[11/121] Procesando: 10_BinLoc_16_Serial_Serial
--- Procesando 10_BinLoc_16_Serial_Serial: 8 diapositivas pedagógicas seleccionadas ---
=== INICIANDO GENERACIÓN BATCH DE VIDEOS EDUCATIVOS (121 MANUALES) ===

[1/121] Procesando: 10_AccBasics_11_AccBasics_Financial_Basics_ES
--- Procesando 10_AccBasics_11_AccBasics_Financial_Basics_ES: TODAS las 13 diapositivas disponibles ---
[OK] Exito: 10_AccBasics_11_AccBasics_Financial_Basics_ES completado (13 slides, 315.0s, video guardado).

[2/121] Procesando: 10_AccBasics_12_AccBasics_Automatic_Journal_Entries_ES
--- Procesando 10_AccBasics_12_AccBasics_Automatic_Journal_Entries_ES: TODAS las 12 diapositivas disponibles ---
[OK] Exito: 10_AccBasics_12_AccBasics_Automatic_Journal_Entries_ES completado (12 slides, 283.0s, video guardado).

[3/121] Procesando: 10_BankProcess_11_Handling_Payments_ES
--- Procesando 10_BankProcess_11_Handling_Payments_ES: TODAS las 17 diapositivas disponibles ---
[OK] Exito: 10_BankProcess_11_Handling_Payments_ES completado (17 slides, 432.4s, video guardado).

[4/121] Procesando: 10_BankProcess_12_Payments_Payment Wizard_ES
--- Procesando 10_BankProcess_12_Payments_Payment Wizard_ES: TODAS las 10 diapositivas disponibles ---
[OK] Exito: 10_BankProcess_12_Payments_Payment Wizard_ES completado (10 slides, 257.4s, video guardado).

[5/121] Procesando: 10_BankProcess_21_BankReconcile_Overview_ES
--- Procesando 10_BankProcess_21_BankReconcile_Overview_ES: TODAS las 14 diapositivas disponibles ---
[OK] Exito: 10_BankProcess_21_BankReconcile_Overview_ES completado (14 slides, 347.7s, video guardado).

[6/121] Procesando: 10_BinLoc_11_Overview_Overview_ES
--- Procesando 10_BinLoc_11_Overview_Overview_ES: TODAS las 22 diapositivas disponibles ---
[OK] Exito: 10_BinLoc_11_Overview_Overview_ES completado (22 slides, 505.2s, video guardado).

[7/121] Procesando: 10_BinLoc_12_Setup_Setup
--- Procesando 10_BinLoc_12_Setup_Setup: TODAS las 43 diapositivas disponibles ---
[OK] Exito: 10_BinLoc_12_Setup_Setup completado (43 slides, 1017.0s, video guardado).

[8/121] Procesando: 10_BinLoc_13_Process_Process
--- Procesando 10_BinLoc_13_Process_Process: TODAS las 53 diapositivas disponibles ---
[OK] Exito: 10_BinLoc_13_Process_Process completado (53 slides, 1186.4s, video guardado).

[9/121] Procesando: 10_BinLoc_14_Process_Weight
--- Procesando 10_BinLoc_14_Process_Weight: TODAS las 12 diapositivas disponibles ---
[OK] Exito: 10_BinLoc_14_Process_Weight completado (12 slides, 277.8s, video guardado).

[10/121] Procesando: 10_BinLoc_15_Reporting_Reporting
--- Procesando 10_BinLoc_15_Reporting_Reporting: TODAS las 20 diapositivas disponibles ---
[OK] Exito: 10_BinLoc_15_Reporting_Reporting completado (20 slides, 440.2s, video guardado).

[11/121] Procesando: 10_BinLoc_16_Serial_Serial
--- Procesando 10_BinLoc_16_Serial_Serial: TODAS las 30 diapositivas disponibles ---
[OK] Exito: 10_BinLoc_16_Serial_Serial completado (30 slides, 642.5s, video guardado).

[12/121] Procesando: 10_ControlReports_11_FinReports_FinReports_ES
--- Procesando 10_ControlReports_11_FinReports_FinReports_ES: TODAS las 30 diapositivas disponibles ---
[OK] Exito: 10_ControlReports_11_FinReports_FinReports_ES completado (30 slides, 733.7s, video guardado).

[13/121] Procesando: 10_ControlReports_21_CashReports_cashflow_ES
--- Procesando 10_ControlReports_21_CashReports_cashflow_ES: TODAS las 10 diapositivas disponibles ---
[OK] Exito: 10_ControlReports_21_CashReports_cashflow_ES completado (10 slides, 263.7s, video guardado).

[14/121] Procesando: 10_ControlReports_22_CashReports_Aging_ES
--- Procesando 10_ControlReports_22_CashReports_Aging_ES: TODAS las 9 diapositivas disponibles ---
[OK] Exito: 10_ControlReports_22_CashReports_Aging_ES completado (9 slides, 196.7s, video guardado).

[15/121] Procesando: 10_ControlReports_23_CashReports_Dunning
--- Procesando 10_ControlReports_23_CashReports_Dunning: TODAS las 11 diapositivas disponibles ---
[OK] Exito: 10_ControlReports_23_CashReports_Dunning completado (11 slides, 247.6s, video guardado).

[16/121] Procesando: 10_CostandBudget_11_CostAcc_CostAcc_ES
--- Procesando 10_CostandBudget_11_CostAcc_CostAcc_ES: TODAS las 15 diapositivas disponibles ---
[OK] Exito: 10_CostandBudget_11_CostAcc_CostAcc_ES completado (15 slides, 349.5s, video guardado).

[17/121] Procesando: 10_CostandBudget_12_CostAcc_MultiDimensions_ES
--- Procesando 10_CostandBudget_12_CostAcc_MultiDimensions_ES: TODAS las 10 diapositivas disponibles ---
[OK] Exito: 10_CostandBudget_12_CostAcc_MultiDimensions_ES completado (10 slides, 265.3s, video guardado).

[18/121] Procesando: 10_CostandBudget_13_CostAcc_CostAdjustment
--- Procesando 10_CostandBudget_13_CostAcc_CostAdjustment: TODAS las 11 diapositivas disponibles ---
[OK] Exito: 10_CostandBudget_13_CostAcc_CostAdjustment completado (11 slides, 231.3s, video guardado).

[19/121] Procesando: 10_CostandBudget_21_Budget_Budget
--- Procesando 10_CostandBudget_21_Budget_Budget: TODAS las 22 diapositivas disponibles ---
[OK] Exito: 10_CostandBudget_21_Budget_Budget completado (22 slides, 467.9s, video guardado).

[20/121] Procesando: 10_FinProcess_11_PostJE_PostJE_ES
--- Procesando 10_FinProcess_11_PostJE_PostJE_ES: TODAS las 16 diapositivas disponibles ---
[OK] Exito: 10_FinProcess_11_PostJE_PostJE_ES completado (16 slides, 368.3s, video guardado).

[21/121] Procesando: 10_FinProcess_12_PostJE_template_ES
--- Procesando 10_FinProcess_12_PostJE_template_ES: TODAS las 7 diapositivas disponibles ---
[OK] Exito: 10_FinProcess_12_PostJE_template_ES completado (7 slides, 150.5s, video guardado).

[22/121] Procesando: 10_FinProcess_13_PostJE_voucher_ES
--- Procesando 10_FinProcess_13_PostJE_voucher_ES: TODAS las 10 diapositivas disponibles ---
[OK] Exito: 10_FinProcess_13_PostJE_voucher_ES completado (10 slides, 234.8s, video guardado).

[23/121] Procesando: 10_FinProcess_21_PostPeriods_PostPeriods_ES
--- Procesando 10_FinProcess_21_PostPeriods_PostPeriods_ES: TODAS las 7 diapositivas disponibles ---
[OK] Exito: 10_FinProcess_21_PostPeriods_PostPeriods_ES completado (7 slides, 150.5s, video guardado).

[24/121] Procesando: 10_FinProcess_22_PostPeriods_PeriodClose
--- Procesando 10_FinProcess_22_PostPeriods_PeriodClose: TODAS las 18 diapositivas disponibles ---
[OK] Exito: 10_FinProcess_22_PostPeriods_PeriodClose completado (18 slides, 382.9s, video guardado).

[25/121] Procesando: 10_FinProcess_31_InternalRecon_InternalRecon_ES
--- Procesando 10_FinProcess_31_InternalRecon_InternalRecon_ES: TODAS las 26 diapositivas disponibles ---
[OK] Exito: 10_FinProcess_31_InternalRecon_InternalRecon_ES completado (26 slides, 647.4s, video guardado).

[26/121] Procesando: 10_FinSetup_11_COA_COAConcepts_ES
--- Procesando 10_FinSetup_11_COA_COAConcepts_ES: TODAS las 14 diapositivas disponibles ---
[OK] Exito: 10_FinSetup_11_COA_COAConcepts_ES completado (14 slides, 333.5s, video guardado).

[27/121] Procesando: 10_FinSetup_11_Currencies_Currencies_ES
--- Procesando 10_FinSetup_11_Currencies_Currencies_ES: TODAS las 21 diapositivas disponibles ---
[OK] Exito: 10_FinSetup_11_Currencies_Currencies_ES completado (21 slides, 496.1s, video guardado).

[28/121] Procesando: 10_FinSetup_12_COA_ManageCOA
--- Procesando 10_FinSetup_12_COA_ManageCOA: TODAS las 8 diapositivas disponibles ---
[OK] Exito: 10_FinSetup_12_COA_ManageCOA completado (8 slides, 157.7s, video guardado).

[29/121] Procesando: 10_FinSetup_21_DefaultGLAcc_DefaultGLAccOveriew_ES
--- Procesando 10_FinSetup_21_DefaultGLAcc_DefaultGLAccOveriew_ES: TODAS las 9 diapositivas disponibles ---
[OK] Exito: 10_FinSetup_21_DefaultGLAcc_DefaultGLAccOveriew_ES completado (9 slides, 183.2s, video guardado).

[30/121] Procesando: 10_FinSetup_22_DefaultGLAcc_Traditional
--- Procesando 10_FinSetup_22_DefaultGLAcc_Traditional: TODAS las 9 diapositivas disponibles ---
[OK] Exito: 10_FinSetup_22_DefaultGLAcc_Traditional completado (9 slides, 195.2s, video guardado).

[31/121] Procesando: 10_FinSetup_23_DefaultGLAcc_Advanced
--- Procesando 10_FinSetup_23_DefaultGLAcc_Advanced: TODAS las 20 diapositivas disponibles ---
[OK] Exito: 10_FinSetup_23_DefaultGLAcc_Advanced completado (20 slides, 464.9s, video guardado).

[32/121] Procesando: 10_FixedAsset_11_FixedAsset_Intro_ES
--- Procesando 10_FixedAsset_11_FixedAsset_Intro_ES: TODAS las 16 diapositivas disponibles ---
[OK] Exito: 10_FixedAsset_11_FixedAsset_Intro_ES completado (16 slides, 384.5s, video guardado).

[33/121] Procesando: 10_FixedAsset_12_FixedAsset_Intro_Virtual_Asset_ES
--- Procesando 10_FixedAsset_12_FixedAsset_Intro_Virtual_Asset_ES: TODAS las 10 diapositivas disponibles ---
[OK] Exito: 10_FixedAsset_12_FixedAsset_Intro_Virtual_Asset_ES completado (10 slides, 222.7s, video guardado).

[34/121] Procesando: 10_FixedAsset_21_FixedAsset_InitSettings
--- Procesando 10_FixedAsset_21_FixedAsset_InitSettings: TODAS las 32 diapositivas disponibles ---
[OK] Exito: 10_FixedAsset_21_FixedAsset_InitSettings completado (32 slides, 695.8s, video guardado).

[35/121] Procesando: 10_FixedAsset_31_WorkingProcessFA_Activate_AssetMD
--- Procesando 10_FixedAsset_31_WorkingProcessFA_Activate_AssetMD: TODAS las 13 diapositivas disponibles ---
[OK] Exito: 10_FixedAsset_31_WorkingProcessFA_Activate_AssetMD completado (13 slides, 271.3s, video guardado).

[36/121] Procesando: 10_FixedAsset_32_WorkingProcessFA_Depreciation_Adjustments
--- Procesando 10_FixedAsset_32_WorkingProcessFA_Depreciation_Adjustments: TODAS las 21 diapositivas disponibles ---
[OK] Exito: 10_FixedAsset_32_WorkingProcessFA_Depreciation_Adjustments completado (21 slides, 485.2s, video guardado).

[37/121] Procesando: 10_FixedAsset_33_WorkingProcessFA_Retirement_Monitoring
--- Procesando 10_FixedAsset_33_WorkingProcessFA_Retirement_Monitoring: TODAS las 13 diapositivas disponibles ---
[OK] Exito: 10_FixedAsset_33_WorkingProcessFA_Retirement_Monitoring completado (13 slides, 252.8s, video guardado).

[38/121] Procesando: 10_Impl_11_CustomTools_Queries_ES
--- Procesando 10_Impl_11_CustomTools_Queries_ES: TODAS las 36 diapositivas disponibles ---
[OK] Exito: 10_Impl_11_CustomTools_Queries_ES completado (36 slides, 1109.0s, video guardado).

[39/121] Procesando: 10_Impl_12_CustomTools_Alerts_ES
--- Procesando 10_Impl_12_CustomTools_Alerts_ES: TODAS las 23 diapositivas disponibles ---
[OK] Exito: 10_Impl_12_CustomTools_Alerts_ES completado (23 slides, 658.8s, video guardado).

[40/121] Procesando: 10_Impl_13_CustomTools_ApprovalProcesses_ES
--- Procesando 10_Impl_13_CustomTools_ApprovalProcesses_ES: TODAS las 33 diapositivas disponibles ---
[OK] Exito: 10_Impl_13_CustomTools_ApprovalProcesses_ES completado (33 slides, 1002.5s, video guardado).

[41/121] Procesando: 10_Impl_14_CustomTools_UserDefinedFields_ES
--- Procesando 10_Impl_14_CustomTools_UserDefinedFields_ES: TODAS las 28 diapositivas disponibles ---
[OK] Exito: 10_Impl_14_CustomTools_UserDefinedFields_ES completado (28 slides, 759.8s, video guardado).

[42/121] Procesando: 10_Impl_15_CustomTools_UserDefinedValues_ES
--- Procesando 10_Impl_15_CustomTools_UserDefinedValues_ES: TODAS las 21 diapositivas disponibles ---
[OK] Exito: 10_Impl_15_CustomTools_UserDefinedValues_ES completado (21 slides, 539.3s, video guardado).

[43/121] Procesando: 10_Impl_16_CustomTools_UserDefinedTables_ES
--- Procesando 10_Impl_16_CustomTools_UserDefinedTables_ES: TODAS las 21 diapositivas disponibles ---
[OK] Exito: 10_Impl_16_CustomTools_UserDefinedTables_ES completado (21 slides, 540.6s, video guardado).

[44/121] Procesando: 10_Impl_17_CustomTools_IntroAnalytics_ES
--- Procesando 10_Impl_17_CustomTools_IntroAnalytics_ES: TODAS las 45 diapositivas disponibles ---
[OK] Exito: 10_Impl_17_CustomTools_IntroAnalytics_ES completado (45 slides, 1099.5s, video guardado).

[45/121] Procesando: 10_Impl_21_ImplTools_ImplementationMethodology_ES
--- Procesando 10_Impl_21_ImplTools_ImplementationMethodology_ES: TODAS las 34 diapositivas disponibles ---
[OK] Exito: 10_Impl_21_ImplTools_ImplementationMethodology_ES completado (34 slides, 1249.0s, video guardado).

[46/121] Procesando: 10_Impl_22_ImplTools_ExpressWizard_ES
--- Procesando 10_Impl_22_ImplTools_ExpressWizard_ES: TODAS las 19 diapositivas disponibles ---
[OK] Exito: 10_Impl_22_ImplTools_ExpressWizard_ES completado (19 slides, 540.0s, video guardado).

[47/121] Procesando: 10_Impl_23_ImplTools_Key_Settings_ES
--- Procesando 10_Impl_23_ImplTools_Key_Settings_ES: TODAS las 30 diapositivas disponibles ---
[OK] Exito: 10_Impl_23_ImplTools_Key_Settings_ES completado (30 slides, 779.7s, video guardado).

[48/121] Procesando: 10_Impl_25_ImplTools_OpeningBalances
--- Procesando 10_Impl_25_ImplTools_OpeningBalances: TODAS las 27 diapositivas disponibles ---
[OK] Exito: 10_Impl_25_ImplTools_OpeningBalances completado (27 slides, 566.1s, video guardado).

[49/121] Procesando: 10_Impl_26_ImplTools_QuickCopy
--- Procesando 10_Impl_26_ImplTools_QuickCopy: TODAS las 24 diapositivas disponibles ---
[OK] Exito: 10_Impl_26_ImplTools_QuickCopy completado (24 slides, 528.9s, video guardado).

[50/121] Procesando: 10_Impl_31_ImportfromExcel
--- Procesando 10_Impl_31_ImportfromExcel: TODAS las 40 diapositivas disponibles ---
[OK] Exito: 10_Impl_31_ImportfromExcel completado (40 slides, 861.8s, video guardado).

[51/121] Procesando: 10_Impl_31_SystemSetup_Users_Groups_ES
--- Procesando 10_Impl_31_SystemSetup_Users_Groups_ES: TODAS las 30 diapositivas disponibles ---
[OK] Exito: 10_Impl_31_SystemSetup_Users_Groups_ES completado (30 slides, 766.4s, video guardado).

[52/121] Procesando: 10_Impl_32_SystemSetup_GeneralAuthorizations_ES
--- Procesando 10_Impl_32_SystemSetup_GeneralAuthorizations_ES: TODAS las 30 diapositivas disponibles ---
[OK] Exito: 10_Impl_32_SystemSetup_GeneralAuthorizations_ES completado (30 slides, 758.8s, video guardado).

[53/121] Procesando: 10_Impl_32_Using_Data_Trans_Workbench
--- Procesando 10_Impl_32_Using_Data_Trans_Workbench: TODAS las 42 diapositivas disponibles ---
[OK] Exito: 10_Impl_32_Using_Data_Trans_Workbench completado (42 slides, 930.0s, video guardado).

[54/121] Procesando: 10_Impl_33_Importing_Docs_using_DTW
--- Procesando 10_Impl_33_Importing_Docs_using_DTW: TODAS las 17 diapositivas disponibles ---
[OK] Exito: 10_Impl_33_Importing_Docs_using_DTW completado (17 slides, 499.9s, video guardado).

[55/121] Procesando: 10_Impl_33_SystemSetup_DataOwnership_ES
--- Procesando 10_Impl_33_SystemSetup_DataOwnership_ES: TODAS las 32 diapositivas disponibles ---
[OK] Exito: 10_Impl_33_SystemSetup_DataOwnership_ES completado (32 slides, 1081.6s, video guardado).

[56/121] Procesando: 10_Impl_34_SystemSetup_DocumentMasterDataNumbering_ES
--- Procesando 10_Impl_34_SystemSetup_DocumentMasterDataNumbering_ES: TODAS las 23 diapositivas disponibles ---
[OK] Exito: 10_Impl_34_SystemSetup_DocumentMasterDataNumbering_ES completado (23 slides, 683.1s, video guardado).

[57/121] Procesando: 10_Impl_35_SystemSetup_UIConfigurationTemplates_ES
--- Procesando 10_Impl_35_SystemSetup_UIConfigurationTemplates_ES: TODAS las 27 diapositivas disponibles ---
[OK] Exito: 10_Impl_35_SystemSetup_UIConfigurationTemplates_ES completado (27 slides, 775.9s, video guardado).

[58/121] Procesando: 10_Impl_36_SystemSetup_Print_layouts
--- Procesando 10_Impl_36_SystemSetup_Print_layouts: TODAS las 17 diapositivas disponibles ---
[OK] Exito: 10_Impl_36_SystemSetup_Print_layouts completado (17 slides, 342.6s, video guardado).

[59/121] Procesando: 10_Impl_39_SystemSetup_EmailPrefrences
--- Procesando 10_Impl_39_SystemSetup_EmailPrefrences: TODAS las 27 diapositivas disponibles ---
[OK] Exito: 10_Impl_39_SystemSetup_EmailPrefrences completado (27 slides, 543.2s, video guardado).

[60/121] Procesando: 10_Intro_11_Overview_IntroSAPB1_ES
[*] 10_Intro_11_Overview_IntroSAPB1_ES ya tiene video. Saltando.

[61/121] Procesando: 10_Intro_12_Overview_GettingStarted_ES
[*] 10_Intro_12_Overview_GettingStarted_ES ya tiene video. Saltando.

[62/121] Procesando: 10_Inven_13_WM_PhyInv
--- Procesando 10_Inven_13_WM_PhyInv: TODAS las 21 diapositivas disponibles ---
[OK] Exito: 10_Inven_13_WM_PhyInv completado (21 slides, 470.4s, video guardado).

[63/121] Procesando: 10_Inven_21_PNP_PNPSales
--- Procesando 10_Inven_21_PNP_PNPSales: TODAS las 19 diapositivas disponibles ---
[OK] Exito: 10_Inven_21_PNP_PNPSales completado (19 slides, 444.9s, video guardado).

[64/121] Procesando: 10_Inven_22_PNP_PNPProduction
--- Procesando 10_Inven_22_PNP_PNPProduction: TODAS las 11 diapositivas disponibles ---
[OK] Exito: 10_Inven_22_PNP_PNPProduction completado (11 slides, 230.2s, video guardado).

[65/121] Procesando: 10_Inven_23_PNP_PNPTTransfer
--- Procesando 10_Inven_23_PNP_PNPTTransfer: TODAS las 9 diapositivas disponibles ---
[OK] Exito: 10_Inven_23_PNP_PNPTTransfer completado (9 slides, 190.5s, video guardado).

[66/121] Procesando: 10_ItemInv_11_Item_ItemMD_ES
--- Procesando 10_ItemInv_11_Item_ItemMD_ES: TODAS las 13 diapositivas disponibles ---
[OK] Exito: 10_ItemInv_11_Item_ItemMD_ES completado (13 slides, 314.6s, video guardado).

[67/121] Procesando: 10_ItemInv_12_Item_ItemGrp_ES
--- Procesando 10_ItemInv_12_Item_ItemGrp_ES: TODAS las 10 diapositivas disponibles ---
[OK] Exito: 10_ItemInv_12_Item_ItemGrp_ES completado (10 slides, 227.6s, video guardado).

[68/121] Procesando: 10_ItemInv_21_UoM_Overview_ES
--- Procesando 10_ItemInv_21_UoM_Overview_ES: TODAS las 12 diapositivas disponibles ---
[OK] Exito: 10_ItemInv_21_UoM_Overview_ES completado (12 slides, 360.9s, video guardado).

[69/121] Procesando: 10_ItemInv_31_WM_WH_ES
--- Procesando 10_ItemInv_31_WM_WH_ES: TODAS las 10 diapositivas disponibles ---
[OK] Exito: 10_ItemInv_31_WM_WH_ES completado (10 slides, 241.8s, video guardado).

[70/121] Procesando: 10_ItemInv_32_WM_GM_ES
--- Procesando 10_ItemInv_32_WM_GM_ES: TODAS las 15 diapositivas disponibles ---
[OK] Exito: 10_ItemInv_32_WM_GM_ES completado (15 slides, 392.8s, video guardado).

[71/121] Procesando: 10_ItemInv_41_Valuation_ValMethods_ES
--- Procesando 10_ItemInv_41_Valuation_ValMethods_ES: TODAS las 24 diapositivas disponibles ---
[OK] Exito: 10_ItemInv_41_Valuation_ValMethods_ES completado (24 slides, 576.3s, video guardado).

[72/121] Procesando: 10_ItemInv_51_SNBatch_SNBatch_ES
--- Procesando 10_ItemInv_51_SNBatch_SNBatch_ES: TODAS las 11 diapositivas disponibles ---
[OK] Exito: 10_ItemInv_51_SNBatch_SNBatch_ES completado (11 slides, 275.0s, video guardado).

[73/121] Procesando: 10_Item_22_UoM_Setup
--- Procesando 10_Item_22_UoM_Setup: TODAS las 17 diapositivas disponibles ---
[OK] Exito: 10_Item_22_UoM_Setup completado (17 slides, 375.3s, video guardado).

[74/121] Procesando: 10_Item_23_UoM_Weight
--- Procesando 10_Item_23_UoM_Weight: TODAS las 14 diapositivas disponibles ---
[OK] Exito: 10_Item_23_UoM_Weight completado (14 slides, 353.4s, video guardado).

[75/121] Procesando: 10_Item_24_UoM_Packaging
--- Procesando 10_Item_24_UoM_Packaging: TODAS las 17 diapositivas disponibles ---
[OK] Exito: 10_Item_24_UoM_Packaging completado (17 slides, 358.5s, video guardado).

[76/121] Procesando: 10_Item_42_SNBatch_Valuation
--- Procesando 10_Item_42_SNBatch_Valuation: TODAS las 26 diapositivas disponibles ---
[OK] Exito: 10_Item_42_SNBatch_Valuation completado (26 slides, 688.7s, video guardado).

[77/121] Procesando: 10_MRP_11_MRP_Process_ES
--- Procesando 10_MRP_11_MRP_Process_ES: TODAS las 26 diapositivas disponibles ---
[OK] Exito: 10_MRP_11_MRP_Process_ES completado (26 slides, 674.0s, video guardado).

[78/121] Procesando: 10_MRP_12_ConsumeForecast
--- Procesando 10_MRP_12_ConsumeForecast: TODAS las 26 diapositivas disponibles ---
[OK] Exito: 10_MRP_12_ConsumeForecast completado (26 slides, 722.2s, video guardado).

[79/121] Procesando: 10_MRP_13_MRP_BOM
--- Procesando 10_MRP_13_MRP_BOM: TODAS las 28 diapositivas disponibles ---
[OK] Exito: 10_MRP_13_MRP_BOM completado (28 slides, 686.9s, video guardado).

[80/121] Procesando: 10_Overview_13_MDDoc_ES
[*] 10_Overview_13_MDDoc_ES ya tiene video. Saltando.

[81/121] Procesando: 10_Pricing_11_Concept_PrConcept_ES
--- Procesando 10_Pricing_11_Concept_PrConcept_ES: TODAS las 28 diapositivas disponibles ---
[OK] Exito: 10_Pricing_11_Concept_PrConcept_ES completado (28 slides, 728.7s, video guardado).

[82/121] Procesando: 10_Pricing_21_Pricelist_CreatePricelist_ES
--- Procesando 10_Pricing_21_Pricelist_CreatePricelist_ES: TODAS las 19 diapositivas disponibles ---
[OK] Exito: 10_Pricing_21_Pricelist_CreatePricelist_ES completado (19 slides, 519.5s, video guardado).

[83/121] Procesando: 10_Pricing_22_Pricelist_UpdatePricelist_ES
--- Procesando 10_Pricing_22_Pricelist_UpdatePricelist_ES: TODAS las 29 diapositivas disponibles ---
[OK] Exito: 10_Pricing_22_Pricelist_UpdatePricelist_ES completado (29 slides, 829.5s, video guardado).

[84/121] Procesando: 10_Pricing_31_DiscSP_PerVolDisc_ES
--- Procesando 10_Pricing_31_DiscSP_PerVolDisc_ES: TODAS las 12 diapositivas disponibles ---
[OK] Exito: 10_Pricing_31_DiscSP_PerVolDisc_ES completado (12 slides, 274.8s, video guardado).

[85/121] Procesando: 10_Pricing_32_DiscSP_DiscGrp_ES
--- Procesando 10_Pricing_32_DiscSP_DiscGrp_ES: TODAS las 26 diapositivas disponibles ---
[OK] Exito: 10_Pricing_32_DiscSP_DiscGrp_ES completado (26 slides, 647.8s, video guardado).

[86/121] Procesando: 10_Pricing_33_DiscSP_SpPrBP_ES
--- Procesando 10_Pricing_33_DiscSP_SpPrBP_ES: TODAS las 9 diapositivas disponibles ---
[OK] Exito: 10_Pricing_33_DiscSP_SpPrBP_ES completado (9 slides, 204.3s, video guardado).

[87/121] Procesando: 10_Production_11_Overview_Overview_ES
--- Procesando 10_Production_11_Overview_Overview_ES: TODAS las 8 diapositivas disponibles ---
[OK] Exito: 10_Production_11_Overview_Overview_ES completado (8 slides, 192.7s, video guardado).

[88/121] Procesando: 10_Production_21_Resources_Resources_ES
--- Procesando 10_Production_21_Resources_Resources_ES: TODAS las 12 diapositivas disponibles ---
[OK] Exito: 10_Production_21_Resources_Resources_ES completado (12 slides, 301.6s, video guardado).

[89/121] Procesando: 10_Production_22_Resources_Capacity_ES
--- Procesando 10_Production_22_Resources_Capacity_ES: TODAS las 15 diapositivas disponibles ---
[OK] Exito: 10_Production_22_Resources_Capacity_ES completado (15 slides, 336.1s, video guardado).

[90/121] Procesando: 10_Production_31_BOM_BOM_ES
--- Procesando 10_Production_31_BOM_BOM_ES: TODAS las 15 diapositivas disponibles ---
[OK] Exito: 10_Production_31_BOM_BOM_ES completado (15 slides, 392.7s, video guardado).

[91/121] Procesando: 10_Production_41_Process_BasicProductionProcess_ES
--- Procesando 10_Production_41_Process_BasicProductionProcess_ES: TODAS las 12 diapositivas disponibles ---
[OK] Exito: 10_Production_41_Process_BasicProductionProcess_ES completado (12 slides, 269.4s, video guardado).

[92/121] Procesando: 10_Production_42_Process_ByProductsandAdditional
--- Procesando 10_Production_42_Process_ByProductsandAdditional: TODAS las 9 diapositivas disponibles ---
[OK] Exito: 10_Production_42_Process_ByProductsandAdditional completado (9 slides, 192.9s, video guardado).

[93/121] Procesando: 10_Production_42_Process_RoutingProductionProcess_ES
--- Procesando 10_Production_42_Process_RoutingProductionProcess_ES: TODAS las 14 diapositivas disponibles ---
[OK] Exito: 10_Production_42_Process_RoutingProductionProcess_ES completado (14 slides, 432.3s, video guardado).

[94/121] Procesando: 10_Production_51_Accounting_Accounting
--- Procesando 10_Production_51_Accounting_Accounting: TODAS las 11 diapositivas disponibles ---
[OK] Exito: 10_Production_51_Accounting_Accounting completado (11 slides, 341.2s, video guardado).

[95/121] Procesando: 10_Production_52_Accounting_Cost
--- Procesando 10_Production_52_Accounting_Cost: TODAS las 11 diapositivas disponibles ---
[OK] Exito: 10_Production_52_Accounting_Cost completado (11 slides, 257.4s, video guardado).

[96/121] Procesando: 10_ProjectManage_11_ProjectManage
--- Procesando 10_ProjectManage_11_ProjectManage: TODAS las 31 diapositivas disponibles ---
[OK] Exito: 10_ProjectManage_11_ProjectManage completado (31 slides, 753.2s, video guardado).

[97/121] Procesando: 10_ProjectManage_11_ProjectManage_Billing
--- Procesando 10_ProjectManage_11_ProjectManage_Billing: TODAS las 13 diapositivas disponibles ---
[OK] Exito: 10_ProjectManage_11_ProjectManage_Billing completado (13 slides, 296.3s, video guardado).

[98/121] Procesando: 10_Purch_11_Process_Process_ES
--- Procesando 10_Purch_11_Process_Process_ES: TODAS las 12 diapositivas disponibles ---
[OK] Exito: 10_Purch_11_Process_Process_ES completado (12 slides, 312.9s, video guardado).

[99/121] Procesando: 10_Purch_12_Process_Items_ES
--- Procesando 10_Purch_12_Process_Items_ES: TODAS las 25 diapositivas disponibles ---
[OK] Exito: 10_Purch_12_Process_Items_ES completado (25 slides, 601.0s, video guardado).

[100/121] Procesando: 10_Purch_13_Process_PurchaseReqQt
--- Procesando 10_Purch_13_Process_PurchaseReqQt: TODAS las 16 diapositivas disponibles ---
[OK] Exito: 10_Purch_13_Process_PurchaseReqQt completado (16 slides, 321.7s, video guardado).

[101/121] Procesando: 10_Purch_14_Process_Services
--- Procesando 10_Purch_14_Process_Services: TODAS las 15 diapositivas disponibles ---
[OK] Exito: 10_Purch_14_Process_Services completado (15 slides, 327.9s, video guardado).

[102/121] Procesando: 10_Purch_21_Issues_GRPO_ES
--- Procesando 10_Purch_21_Issues_GRPO_ES: TODAS las 10 diapositivas disponibles ---
[OK] Exito: 10_Purch_21_Issues_GRPO_ES completado (10 slides, 227.6s, video guardado).

[103/121] Procesando: 10_Purch_22_Issues_ReturnsCM_ES
--- Procesando 10_Purch_22_Issues_ReturnsCM_ES: TODAS las 15 diapositivas disponibles ---
[OK] Exito: 10_Purch_22_Issues_ReturnsCM_ES completado (15 slides, 415.9s, video guardado).

[104/121] Procesando: 10_Purch_32_LandedCost_Freight
--- Procesando 10_Purch_32_LandedCost_Freight: TODAS las 30 diapositivas disponibles ---
[OK] Exito: 10_Purch_32_LandedCost_Freight completado (30 slides, 597.5s, video guardado).

[105/121] Procesando: 10_Purch_32_LandedCost_ManageLandedCosts
--- Procesando 10_Purch_32_LandedCost_ManageLandedCosts: TODAS las 31 diapositivas disponibles ---
[OK] Exito: 10_Purch_32_LandedCost_ManageLandedCosts completado (31 slides, 722.0s, video guardado).

[106/121] Procesando: 10_Sales_11_Process_Overview_ES
--- Procesando 10_Sales_11_Process_Overview_ES: TODAS las 14 diapositivas disponibles ---
[OK] Exito: 10_Sales_11_Process_Overview_ES completado (14 slides, 333.7s, video guardado).

[107/121] Procesando: 10_Sales_12_Process_Order2Cash_ES
--- Procesando 10_Sales_12_Process_Order2Cash_ES: TODAS las 16 diapositivas disponibles ---
[OK] Exito: 10_Sales_12_Process_Order2Cash_ES completado (16 slides, 436.5s, video guardado).

[108/121] Procesando: 10_Sales_21_Cust_Customers_ES
--- Procesando 10_Sales_21_Cust_Customers_ES: TODAS las 15 diapositivas disponibles ---
[OK] Exito: 10_Sales_21_Cust_Customers_ES completado (15 slides, 357.1s, video guardado).

[109/121] Procesando: 10_Sales_31_CRM_CRM_ES
--- Procesando 10_Sales_31_CRM_CRM_ES: TODAS las 19 diapositivas disponibles ---
[OK] Exito: 10_Sales_31_CRM_CRM_ES completado (19 slides, 476.8s, video guardado).

[110/121] Procesando: 10_Sales_41_Process_Autom_ES
--- Procesando 10_Sales_41_Process_Autom_ES: TODAS las 30 diapositivas disponibles ---
[OK] Exito: 10_Sales_41_Process_Autom_ES completado (30 slides, 832.0s, video guardado).

[111/121] Procesando: 10_Sales_51_Issues_ReturnsExchange_ES
--- Procesando 10_Sales_51_Issues_ReturnsExchange_ES: TODAS las 16 diapositivas disponibles ---
[OK] Exito: 10_Sales_51_Issues_ReturnsExchange_ES completado (16 slides, 442.8s, video guardado).

[112/121] Procesando: 10_Sales_52_Issues_CM_ES
--- Procesando 10_Sales_52_Issues_CM_ES: TODAS las 15 diapositivas disponibles ---
[OK] Exito: 10_Sales_52_Issues_CM_ES completado (15 slides, 414.5s, video guardado).

[113/121] Procesando: 10_Service_11_CSProcess
[!] 10_Service_11_CSProcess no tiene archivos de imagen.

[114/121] Procesando: 10_Service_11_CSProcess_Process_ES
--- Procesando 10_Service_11_CSProcess_Process_ES: TODAS las 28 diapositivas disponibles ---
[OK] Exito: 10_Service_11_CSProcess_Process_ES completado (28 slides, 776.4s, video guardado).

[115/121] Procesando: 10_Support_11_SupportProcTool_ES
--- Procesando 10_Support_11_SupportProcTool_ES: TODAS las 28 diapositivas disponibles ---
[OK] Exito: 10_Support_11_SupportProcTool_ES completado (28 slides, 898.0s, video guardado).

[116/121] Procesando: CSI08_Query Practice_Solutions
[!] CSI08_Query Practice_Solutions no tiene carpeta de imagenes.

[117/121] Procesando: CSI08_Query_Practice
[!] CSI08_Query_Practice no tiene carpeta de imagenes.

[118/121] Procesando: CSL01_Introduction_ES
[!] CSL01_Introduction_ES no tiene carpeta de imagenes.

[119/121] Procesando: CSL01_Introduction_Solution_ES
[!] CSL01_Introduction_Solution_ES no tiene carpeta de imagenes.

[120/121] Procesando: CSL02_Procurement_Process_ES
[!] CSL02_Procurement_Process_ES no tiene carpeta de imagenes.

[121/121] Procesando: CSL02_Procurement_Process_Solution_ES
[!] CSL02_Procurement_Process_Solution_ES no tiene carpeta de imagenes.

=== PROCESO BATCH FINALIZADO AL 100% ===
