=== INICIANDO RE-RENDERIZADO DE PRECISIÓN (50 MANUALES) ===

>>> [1/50] Re-procesando: 10_Impl_21_ImplTools_ImplementationMethodology_ES

=======================================================
🎬 [CORRECCIÓN/RE-RENDER] 10_Impl_21_ImplTools_ImplementationMethodology_ES (34 diapositivas)
=======================================================
  ✓ Slide 1/34 lista (23.5s)
  ✓ Slide 2/34 lista (36.7s)
  ✓ Slide 3/34 lista (66.0s)
  ✓ Slide 4/34 lista (87.0s)
  ✓ Slide 5/34 lista (37.6s)
  ✓ Slide 6/34 lista (123.7s)
  ✓ Slide 7/34 lista (196.7s)
  ✓ Slide 8/34 lista (107.6s)
  ✓ Slide 9/34 lista (7.4s)
  ✓ Slide 10/34 lista (112.6s)
  ✓ Slide 11/34 lista (75.5s)
  ✓ Slide 12/34 lista (213.5s)
  ✓ Slide 13/34 lista (91.1s)
  ✓ Slide 14/34 lista (168.0s)
  ✓ Slide 15/34 lista (111.7s)
  ✓ Slide 16/34 lista (123.1s)
  ✓ Slide 17/34 lista (106.1s)
  ✓ Slide 18/34 lista (144.9s)
  ✓ Slide 19/34 lista (172.9s)
  ✓ Slide 20/34 lista (39.6s)
  ✓ Slide 21/34 lista (128.1s)
  ✓ Slide 22/34 lista (125.5s)
  ✓ Slide 23/34 lista (113.4s)
  ✓ Slide 24/34 lista (160.7s)
  ✓ Slide 25/34 lista (2.4s)
  ✓ Slide 26/34 lista (84.9s)
  ✓ Slide 27/34 lista (90.0s)
  ✓ Slide 28/34 lista (81.2s)
  ✓ Slide 29/34 lista (58.7s)
  ✓ Slide 30/34 lista (45.8s)
  ✓ Slide 31/34 lista (45.8s)
  ✓ Slide 32/34 lista (52.2s)
  ✓ Slide 33/34 lista (192.5s)
  ✓ Slide 34/34 lista (16.4s)
✅ ¡Clase Pedagógica Completada y Guardada!: 10_Impl_21_ImplTools_ImplementationMethodology_ES (34 slides, 3263.1s)
  [Bitácora] 10_Impl_21_ImplTools_ImplementationMethodology_ES marcado como '[x] Completado (Clase Pedagógica)' en PLAN_MAESTRO.

>>> [2/50] Re-procesando: 10_Impl_33_SystemSetup_DataOwnership_ES

=======================================================
🎬 [CORRECCIÓN/RE-RENDER] 10_Impl_33_SystemSetup_DataOwnership_ES (32 diapositivas)
=======================================================
  ✓ Slide 1/32 lista (28.2s)
  ✓ Slide 2/32 lista (44.4s)
  ✓ Slide 3/32 lista (137.9s)
  ✓ Slide 4/32 lista (99.2s)
  ✓ Slide 5/32 lista (187.9s)
  ✓ Slide 6/32 lista (67.3s)
  ✓ Slide 7/32 lista (9.2s)
  ✓ Slide 8/32 lista (72.3s)
  ✓ Slide 9/32 lista (156.9s)
  ✓ Slide 10/32 lista (157.9s)
  ✓ Slide 11/32 lista (115.5s)
  ✓ Slide 12/32 lista (65.0s)
  ✓ Slide 13/32 lista (118.5s)
  ✓ Slide 14/32 lista (155.3s)
  ✓ Slide 15/32 lista (9.4s)
  ✓ Slide 16/32 lista (146.7s)
  ✓ Slide 17/32 lista (192.8s)
  ✓ Slide 18/32 lista (4.5s)
  ✓ Slide 19/32 lista (141.1s)
  ✓ Slide 20/32 lista (194.1s)
  ✓ Slide 21/32 lista (107.3s)
  ✓ Slide 22/32 lista (172.6s)
  ✓ Slide 23/32 lista (9.5s)
  ✓ Slide 24/32 lista (81.5s)
  ✓ Slide 25/32 lista (108.6s)
  ✓ Slide 26/32 lista (192.9s)
  ✓ Slide 27/32 lista (13.6s)
  ✓ Slide 28/32 lista (132.8s)
  ✓ Slide 29/32 lista (99.3s)
  ✓ Slide 30/32 lista (118.6s)
  ✓ Slide 31/32 lista (169.0s)
  ✓ Slide 32/32 lista (199.7s)
✅ ¡Clase Pedagógica Completada y Guardada!: 10_Impl_33_SystemSetup_DataOwnership_ES (32 slides, 3528.7s)
  [Bitácora] 10_Impl_33_SystemSetup_DataOwnership_ES marcado como '[x] Completado (Clase Pedagógica)' en PLAN_MAESTRO.

>>> [3/50] Re-procesando: 10_Impl_34_SystemSetup_DocumentMasterDataNumbering_ES

=======================================================
🎬 [CORRECCIÓN/RE-RENDER] 10_Impl_34_SystemSetup_DocumentMasterDataNumbering_ES (23 diapositivas)
=======================================================
  ✓ Slide 1/23 lista (26.6s)
  ✓ Slide 2/23 lista (32.4s)
  ✓ Slide 3/23 lista (50.2s)
  ✓ Slide 4/23 lista (6.2s)
  ✓ Slide 5/23 lista (83.9s)
  ✓ Slide 6/23 lista (59.8s)
  ✓ Slide 7/23 lista (64.8s)
  ✓ Slide 8/23 lista (139.1s)
  ✓ Slide 9/23 lista (51.8s)
  ✓ Slide 10/23 lista (139.2s)
  ✓ Slide 11/23 lista (97.7s)
  ✓ Slide 12/23 lista (81.8s)
  ✓ Slide 13/23 lista (56.8s)
  ✓ Slide 14/23 lista (101.6s)
  ✓ Slide 15/23 lista (58.5s)
  ✓ Slide 16/23 lista (60.0s)
  ✓ Slide 17/23 lista (7.2s)
  ✓ Slide 18/23 lista (59.5s)
  ✓ Slide 19/23 lista (128.4s)
  ✓ Slide 20/23 lista (56.1s)
  ✓ Slide 21/23 lista (84.4s)
  ✓ Slide 22/23 lista (37.4s)
  ✓ Slide 23/23 lista (173.4s)
✅ ¡Clase Pedagógica Completada y Guardada!: 10_Impl_34_SystemSetup_DocumentMasterDataNumbering_ES (23 slides, 1670.7s)
  [Bitácora] 10_Impl_34_SystemSetup_DocumentMasterDataNumbering_ES marcado como '[x] Completado (Clase Pedagógica)' en PLAN_MAESTRO.

>>> [4/50] Re-procesando: 10_Impl_35_SystemSetup_UIConfigurationTemplates_ES

=======================================================
🎬 [CORRECCIÓN/RE-RENDER] 10_Impl_35_SystemSetup_UIConfigurationTemplates_ES (27 diapositivas)
=======================================================
  ✓ Slide 1/27 lista (24.5s)
  ✓ Slide 2/27 lista (44.4s)
  ✓ Slide 3/27 lista (87.2s)
  ✓ Slide 4/27 lista (33.8s)
  ✓ Slide 5/27 lista (7.6s)
  ✓ Slide 6/27 lista (73.9s)
  ✓ Slide 7/27 lista (48.2s)
  ✓ Slide 8/27 lista (61.1s)
  ✓ Slide 9/27 lista (52.7s)
  ✓ Slide 10/27 lista (51.7s)
  ✓ Slide 11/27 lista (6.2s)
  ✓ Slide 12/27 lista (59.7s)
  ✓ Slide 13/27 lista (41.7s)
  ✓ Slide 14/27 lista (33.0s)
  ✓ Slide 15/27 lista (78.8s)
  ✓ Slide 16/27 lista (85.2s)
  ✓ Slide 17/27 lista (21.6s)
  ✓ Slide 18/27 lista (61.2s)
  ✓ Slide 19/27 lista (53.6s)
  ✓ Slide 20/27 lista (43.0s)
  ✓ Slide 21/27 lista (8.6s)
  ✓ Slide 22/27 lista (46.7s)
  ✓ Slide 23/27 lista (118.9s)
  ✓ Slide 24/27 lista (7.4s)
  ✓ Slide 25/27 lista (51.3s)
  ✓ Slide 26/27 lista (43.2s)
  ✓ Slide 27/27 lista (112.5s)
✅ ¡Clase Pedagógica Completada y Guardada!: 10_Impl_35_SystemSetup_UIConfigurationTemplates_ES (27 slides, 1373.9s)
  [Bitácora] 10_Impl_35_SystemSetup_UIConfigurationTemplates_ES marcado como '[x] Completado (Clase Pedagógica)' en PLAN_MAESTRO.

>>> [5/50] Re-procesando: 10_Impl_36_SystemSetup_Print_layouts

=======================================================
🎬 [CORRECCIÓN/RE-RENDER] 10_Impl_36_SystemSetup_Print_layouts (17 diapositivas)
=======================================================
  ✓ Slide 1/17 lista (23.6s)
  ✓ Slide 2/17 lista (25.8s)
  ✓ Slide 3/17 lista (38.6s)
  ✓ Slide 4/17 lista (49.3s)
  ✓ Slide 5/17 lista (68.9s)
  ✓ Slide 6/17 lista (48.6s)
  ✓ Slide 7/17 lista (42.5s)
  ✓ Slide 8/17 lista (12.2s)
  ✓ Slide 9/17 lista (40.8s)
  ✓ Slide 10/17 lista (26.6s)
  ✓ Slide 11/17 lista (34.9s)
  ✓ Slide 12/17 lista (54.9s)
  ✓ Slide 13/17 lista (55.8s)
  ✓ Slide 14/17 lista (65.4s)
  ✓ Slide 15/17 lista (59.2s)
  ✓ Slide 16/17 lista (137.8s)
  ✓ Slide 17/17 lista (131.8s)
✅ ¡Clase Pedagógica Completada y Guardada!: 10_Impl_36_SystemSetup_Print_layouts (17 slides, 926.9s)
  [Bitácora] 10_Impl_36_SystemSetup_Print_layouts marcado como '[x] Completado (Clase Pedagógica)' en PLAN_MAESTRO.

>>> [6/50] Re-procesando: 10_Impl_39_SystemSetup_EmailPrefrences

=======================================================
🎬 [CORRECCIÓN/RE-RENDER] 10_Impl_39_SystemSetup_EmailPrefrences (27 diapositivas)
=======================================================
  ✓ Slide 1/27 lista (22.2s)
  ✓ Slide 2/27 lista (33.2s)
  ✓ Slide 3/27 lista (5.8s)
  ✓ Slide 4/27 lista (49.4s)
  ✓ Slide 5/27 lista (70.8s)
  ✓ Slide 6/27 lista (7.8s)
  ✓ Slide 7/27 lista (42.7s)
  ✓ Slide 8/27 lista (47.0s)
  ✓ Slide 9/27 lista (21.8s)
  ✓ Slide 10/27 lista (37.9s)
  ✓ Slide 11/27 lista (48.4s)
  ✓ Slide 12/27 lista (34.3s)
  ✓ Slide 13/27 lista (24.2s)
  ✓ Slide 14/27 lista (16.7s)
  ✓ Slide 15/27 lista (12.5s)
  ✓ Slide 16/27 lista (49.7s)
  ✓ Slide 17/27 lista (73.7s)
  ✓ Slide 18/27 lista (27.0s)
  ✓ Slide 19/27 lista (50.2s)
  ✓ Slide 20/27 lista (49.6s)
  ✓ Slide 21/27 lista (67.7s)
  ✓ Slide 22/27 lista (10.7s)
  ✓ Slide 23/27 lista (23.1s)
  ✓ Slide 24/27 lista (14.3s)
  ✓ Slide 25/27 lista (64.7s)
  ✓ Slide 26/27 lista (94.8s)
  ✓ Slide 27/27 lista (131.8s)
✅ ¡Clase Pedagógica Completada y Guardada!: 10_Impl_39_SystemSetup_EmailPrefrences (27 slides, 1148.3s)
  [Bitácora] 10_Impl_39_SystemSetup_EmailPrefrences marcado como '[x] Completado (Clase Pedagógica)' en PLAN_MAESTRO.

>>> [7/50] Re-procesando: 10_Intro_11_Overview_IntroSAPB1_ES

=======================================================
🎬 [CORRECCIÓN/RE-RENDER] 10_Intro_11_Overview_IntroSAPB1_ES (19 diapositivas)
=======================================================
  ✓ Slide 1/19 lista (28.7s)
  ✓ Slide 2/19 lista (18.3s)
  ✓ Slide 3/19 lista (22.5s)
  ✓ Slide 4/19 lista (21.9s)
  ✓ Slide 5/19 lista (17.8s)
  ✓ Slide 6/19 lista (7.0s)
  ✓ Slide 7/19 lista (7.4s)
  ✓ Slide 8/19 lista (7.4s)
  ✓ Slide 9/19 lista (7.4s)
  ✓ Slide 10/19 lista (7.4s)
  ✓ Slide 11/19 lista (7.4s)
  ✓ Slide 12/19 lista (7.4s)
  ✓ Slide 13/19 lista (7.4s)
  ✓ Slide 14/19 lista (7.4s)
  ✓ Slide 15/19 lista (7.4s)
  ✓ Slide 16/19 lista (7.4s)
  ✓ Slide 17/19 lista (7.4s)
  ✓ Slide 18/19 lista (7.4s)
  ✓ Slide 19/19 lista (7.4s)
✅ ¡Clase Pedagógica Completada y Guardada!: 10_Intro_11_Overview_IntroSAPB1_ES (19 slides, 223.6s)
  [Bitácora] 10_Intro_11_Overview_IntroSAPB1_ES marcado como '[x] Completado (Clase Pedagógica)' en PLAN_MAESTRO.

>>> [8/50] Re-procesando: 10_Intro_12_Overview_GettingStarted_ES

=======================================================
🎬 [CORRECCIÓN/RE-RENDER] 10_Intro_12_Overview_GettingStarted_ES (29 diapositivas)
=======================================================
  ✓ Slide 1/29 lista (16.2s)
  ✓ Slide 2/29 lista (26.4s)
  [ERROR TTS] Slide 3: Command '['edge-tts', '--text', 'Al ser un nuevo integrante del equipo de OEC Computers va a recibir una formación completa sobre una serie de temas. Desea configurar un cockpit de SAP Business One que hará que su trabajo sea más fácil y también más rápido para poder asumir nuevas tareas. Sus primeros pasos consistirán en acceder al sistema, aprender a desplazarse por él y configurar un cockpit que le ayudará a cubrir sus necesidades. 3 Al ser un nuevo integrante del equipo de OEC Computers va a recibir una formación completa sobre una serie de temas. Desea configurar un cockpit de SAP Business One que hará que su trabajo sea más fácil y también más rápido para poder asumir nuevas tareas. Sus primeros pasos consistirán en acceder al sistema, aprender a desplazarse por él y configurar un cockpit que le ayudará a cubrir sus necesidades. Ejemplo empresarial', '--voice', 'es-MX-JorgeNeural', '--write-media', 'temp_aud_fix_10_Intro_12_Ove_3.mp3']' returned non-zero exit status 1.
  [ERROR TTS] Slide 4: Command '['edge-tts', '--text', 'Existen dos clases de usuario en SAP Business One: superusuarios y usuarios normales (o finales). Los superusuarios tienen acceso a todo, por lo tanto, ven por lo general el menú completo. Los usuarios finales están limitados a ciertas acciones y opciones de menú debido al tipo de licencia y a las autorizaciones. Por lo tanto, los usuarios finales por lo general ven un subgrupo de opciones hecho a medida de su rol. Vamos a ver una serie de formas de adatar el cockpit y el menú a los usuarios para que trabajar en SAP Business One sea más eficiente y agradable. 4 Superusuarios y usuarios finales Superusuarios Acceso a todo Usuarios finales Restringido debido a las autorizaciones Generalmente ve un subconjunto del menú', '--voice', 'es-MX-JorgeNeural', '--write-media', 'temp_aud_fix_10_Intro_12_Ove_4.mp3']' returned non-zero exit status 1.
  ✓ Slide 5/29 lista (52.1s)
  ✓ Slide 6/29 lista (24.8s)
  ✓ Slide 7/29 lista (49.8s)
  ✓ Slide 8/29 lista (60.3s)
  ✓ Slide 9/29 lista (124.8s)
  ✓ Slide 10/29 lista (83.6s)
  ✓ Slide 11/29 lista (76.6s)
  ✓ Slide 12/29 lista (94.0s)
  ✓ Slide 13/29 lista (54.6s)
  ✓ Slide 14/29 lista (130.4s)
  ✓ Slide 15/29 lista (79.6s)
  ✓ Slide 16/29 lista (59.0s)
  ✓ Slide 17/29 lista (48.8s)
  ✓ Slide 18/29 lista (62.7s)
  ✓ Slide 19/29 lista (79.1s)
  ✓ Slide 20/29 lista (53.7s)
  ✓ Slide 21/29 lista (39.7s)
  ✓ Slide 22/29 lista (74.5s)
  ✓ Slide 23/29 lista (102.3s)
  ✓ Slide 24/29 lista (92.7s)
  ✓ Slide 25/29 lista (31.8s)
  ✓ Slide 26/29 lista (56.0s)
  ✓ Slide 27/29 lista (48.2s)
  ✓ Slide 28/29 lista (84.4s)
  ✓ Slide 29/29 lista (179.1s)
✅ ¡Clase Pedagógica Completada y Guardada!: 10_Intro_12_Overview_GettingStarted_ES (27 slides, 1901.5s)
  [Bitácora] 10_Intro_12_Overview_GettingStarted_ES marcado como '[x] Completado (Clase Pedagógica)' en PLAN_MAESTRO.

>>> [9/50] Re-procesando: 10_Inven_13_WM_PhyInv

=======================================================
🎬 [CORRECCIÓN/RE-RENDER] 10_Inven_13_WM_PhyInv (21 diapositivas)
=======================================================
  ✓ Slide 1/21 lista (22.5s)
  ✓ Slide 2/21 lista (21.9s)
  ✓ Slide 3/21 lista (57.1s)
  ✓ Slide 4/21 lista (30.4s)
  ✓ Slide 5/21 lista (81.2s)
  ✓ Slide 6/21 lista (70.8s)
  ✓ Slide 7/21 lista (33.6s)
  ✓ Slide 8/21 lista (37.4s)
  ✓ Slide 9/21 lista (41.4s)
  ✓ Slide 10/21 lista (55.8s)
  ✓ Slide 11/21 lista (59.7s)
  ✓ Slide 12/21 lista (70.0s)
  ✓ Slide 13/21 lista (19.5s)
  ✓ Slide 14/21 lista (24.9s)
  ✓ Slide 15/21 lista (79.5s)
  ✓ Slide 16/21 lista (69.2s)
  ✓ Slide 17/21 lista (45.5s)
  ✓ Slide 18/21 lista (61.7s)
  ✓ Slide 19/21 lista (92.5s)
  ✓ Slide 20/21 lista (84.1s)
  ✓ Slide 21/21 lista (55.7s)
✅ ¡Clase Pedagógica Completada y Guardada!: 10_Inven_13_WM_PhyInv (21 slides, 1127.1s)
  [Bitácora] 10_Inven_13_WM_PhyInv marcado como '[x] Completado (Clase Pedagógica)' en PLAN_MAESTRO.

>>> [10/50] Re-procesando: 10_Inven_21_PNP_PNPSales

=======================================================
🎬 [CORRECCIÓN/RE-RENDER] 10_Inven_21_PNP_PNPSales (19 diapositivas)
=======================================================
  ✓ Slide 1/19 lista (30.7s)
  ✓ Slide 2/19 lista (25.4s)
  ✓ Slide 3/19 lista (86.8s)
  ✓ Slide 4/19 lista (85.1s)
  ✓ Slide 5/19 lista (45.8s)
  ✓ Slide 6/19 lista (70.7s)
  ✓ Slide 7/19 lista (36.5s)
  ✓ Slide 8/19 lista (39.7s)
  ✓ Slide 9/19 lista (42.8s)
  ✓ Slide 10/19 lista (46.1s)
  ✓ Slide 11/19 lista (49.1s)
  ✓ Slide 12/19 lista (67.6s)
  ✓ Slide 13/19 lista (51.0s)
  ✓ Slide 14/19 lista (80.1s)
  ✓ Slide 15/19 lista (61.1s)
  ✓ Slide 16/19 lista (76.7s)
  ✓ Slide 17/19 lista (74.9s)
  ✓ Slide 18/19 lista (105.8s)
  ✓ Slide 19/19 lista (132.2s)
✅ ¡Clase Pedagógica Completada y Guardada!: 10_Inven_21_PNP_PNPSales (19 slides, 1219.4s)
  [Bitácora] 10_Inven_21_PNP_PNPSales marcado como '[x] Completado (Clase Pedagógica)' en PLAN_MAESTRO.

>>> [11/50] Re-procesando: 10_Inven_22_PNP_PNPProduction

=======================================================
🎬 [CORRECCIÓN/RE-RENDER] 10_Inven_22_PNP_PNPProduction (11 diapositivas)
=======================================================
  ✓ Slide 1/11 lista (29.7s)
  ✓ Slide 2/11 lista (14.6s)
  ✓ Slide 3/11 lista (107.5s)
  ✓ Slide 4/11 lista (86.4s)
  ✓ Slide 5/11 lista (32.8s)
  ✓ Slide 6/11 lista (40.2s)
  ✓ Slide 7/11 lista (30.5s)
  ✓ Slide 8/11 lista (62.7s)
  ✓ Slide 9/11 lista (66.7s)
  ✓ Slide 10/11 lista (78.2s)
  ✓ Slide 11/11 lista (132.2s)
✅ ¡Clase Pedagógica Completada y Guardada!: 10_Inven_22_PNP_PNPProduction (11 slides, 688.2s)
  [Bitácora] 10_Inven_22_PNP_PNPProduction marcado como '[x] Completado (Clase Pedagógica)' en PLAN_MAESTRO.

>>> [12/50] Re-procesando: 10_Inven_23_PNP_PNPTTransfer

=======================================================
🎬 [CORRECCIÓN/RE-RENDER] 10_Inven_23_PNP_PNPTTransfer (9 diapositivas)
=======================================================
  ✓ Slide 1/9 lista (36.8s)
  ✓ Slide 2/9 lista (18.6s)
  ✓ Slide 3/9 lista (56.1s)
  ✓ Slide 4/9 lista (54.3s)
  ✓ Slide 5/9 lista (28.7s)
  ✓ Slide 6/9 lista (13.0s)
  ✓ Slide 7/9 lista (47.6s)
  ✓ Slide 8/9 lista (47.7s)
  ✓ Slide 9/9 lista (132.2s)
✅ ¡Clase Pedagógica Completada y Guardada!: 10_Inven_23_PNP_PNPTTransfer (9 slides, 440.6s)
  [Bitácora] 10_Inven_23_PNP_PNPTTransfer marcado como '[x] Completado (Clase Pedagógica)' en PLAN_MAESTRO.

>>> [13/50] Re-procesando: 10_ItemInv_11_Item_ItemMD_ES

=======================================================
🎬 [CORRECCIÓN/RE-RENDER] 10_ItemInv_11_Item_ItemMD_ES (13 diapositivas)
=======================================================
  ✓ Slide 1/13 lista (20.1s)
  ✓ Slide 2/13 lista (12.4s)
  ✓ Slide 3/13 lista (39.5s)
  ✓ Slide 4/13 lista (83.2s)
  ✓ Slide 5/13 lista (92.9s)
  ✓ Slide 6/13 lista (82.5s)
  ✓ Slide 7/13 lista (94.4s)
  ✓ Slide 8/13 lista (69.1s)
  ✓ Slide 9/13 lista (83.1s)
  ✓ Slide 10/13 lista (53.3s)
  ✓ Slide 11/13 lista (43.6s)
  ✓ Slide 12/13 lista (58.5s)
  ✓ Slide 13/13 lista (127.3s)
✅ ¡Clase Pedagógica Completada y Guardada!: 10_ItemInv_11_Item_ItemMD_ES (13 slides, 867.8s)
  [Bitácora] 10_ItemInv_11_Item_ItemMD_ES marcado como '[x] Completado (Clase Pedagógica)' en PLAN_MAESTRO.

>>> [14/50] Re-procesando: 10_ItemInv_12_Item_ItemGrp_ES

=======================================================
🎬 [CORRECCIÓN/RE-RENDER] 10_ItemInv_12_Item_ItemGrp_ES (10 diapositivas)
=======================================================
  ✓ Slide 1/10 lista (21.0s)
  ✓ Slide 2/10 lista (30.7s)
  ✓ Slide 3/10 lista (58.8s)
  ✓ Slide 4/10 lista (49.9s)
  ✓ Slide 5/10 lista (50.7s)
  ✓ Slide 6/10 lista (38.7s)
  ✓ Slide 7/10 lista (81.4s)
  ✓ Slide 8/10 lista (23.7s)
  ✓ Slide 9/10 lista (53.9s)
  ✓ Slide 10/10 lista (90.5s)
✅ ¡Clase Pedagógica Completada y Guardada!: 10_ItemInv_12_Item_ItemGrp_ES (10 slides, 505.3s)
  [Bitácora] 10_ItemInv_12_Item_ItemGrp_ES marcado como '[x] Completado (Clase Pedagógica)' en PLAN_MAESTRO.

>>> [15/50] Re-procesando: 10_ItemInv_21_UoM_Overview_ES

=======================================================
🎬 [CORRECCIÓN/RE-RENDER] 10_ItemInv_21_UoM_Overview_ES (12 diapositivas)
=======================================================
  ✓ Slide 1/12 lista (21.7s)
  ✓ Slide 2/12 lista (31.1s)
  ✓ Slide 3/12 lista (84.7s)
  ✓ Slide 4/12 lista (57.4s)
  ✓ Slide 5/12 lista (66.3s)
  ✓ Slide 6/12 lista (77.8s)
  ✓ Slide 7/12 lista (63.4s)
  ✓ Slide 8/12 lista (101.9s)
  ✓ Slide 9/12 lista (55.8s)
  ✓ Slide 10/12 lista (100.8s)
  ✓ Slide 11/12 lista (146.0s)
  ✓ Slide 12/12 lista (129.7s)
✅ ¡Clase Pedagógica Completada y Guardada!: 10_ItemInv_21_UoM_Overview_ES (12 slides, 943.7s)
  [Bitácora] 10_ItemInv_21_UoM_Overview_ES marcado como '[x] Completado (Clase Pedagógica)' en PLAN_MAESTRO.

>>> [16/50] Re-procesando: 10_ItemInv_31_WM_WH_ES

=======================================================
🎬 [CORRECCIÓN/RE-RENDER] 10_ItemInv_31_WM_WH_ES (10 diapositivas)
=======================================================
  ✓ Slide 1/10 lista (20.5s)
  ✓ Slide 2/10 lista (31.2s)
  ✓ Slide 3/10 lista (49.9s)
  ✓ Slide 4/10 lista (45.8s)
  ✓ Slide 5/10 lista (20.9s)
  ✓ Slide 6/10 lista (89.4s)
  ✓ Slide 7/10 lista (87.3s)
  ✓ Slide 8/10 lista (35.0s)
  ✓ Slide 9/10 lista (100.8s)
  ✓ Slide 10/10 lista (116.3s)
✅ ¡Clase Pedagógica Completada y Guardada!: 10_ItemInv_31_WM_WH_ES (10 slides, 603.1s)
  [Bitácora] 10_ItemInv_31_WM_WH_ES marcado como '[x] Completado (Clase Pedagógica)' en PLAN_MAESTRO.

>>> [17/50] Re-procesando: 10_ItemInv_32_WM_GM_ES

=======================================================
🎬 [CORRECCIÓN/RE-RENDER] 10_ItemInv_32_WM_GM_ES (15 diapositivas)
=======================================================
  ✓ Slide 1/15 lista (21.1s)
  ✓ Slide 2/15 lista (31.3s)
  ✓ Slide 3/15 lista (52.6s)
  ✓ Slide 4/15 lista (39.1s)
  ✓ Slide 5/15 lista (44.6s)
  ✓ Slide 6/15 lista (23.7s)
  ✓ Slide 7/15 lista (34.8s)
  ✓ Slide 8/15 lista (67.1s)
  ✓ Slide 9/15 lista (55.9s)
  ✓ Slide 10/15 lista (54.6s)
  ✓ Slide 11/15 lista (32.1s)
  ✓ Slide 12/15 lista (58.0s)
  ✓ Slide 13/15 lista (90.8s)
  ✓ Slide 14/15 lista (68.2s)
  ✓ Slide 15/15 lista (132.0s)
✅ ¡Clase Pedagógica Completada y Guardada!: 10_ItemInv_32_WM_GM_ES (15 slides, 815.0s)
  [Bitácora] 10_ItemInv_32_WM_GM_ES marcado como '[x] Completado (Clase Pedagógica)' en PLAN_MAESTRO.

>>> [18/50] Re-procesando: 10_ItemInv_41_Valuation_ValMethods_ES

=======================================================
🎬 [CORRECCIÓN/RE-RENDER] 10_ItemInv_41_Valuation_ValMethods_ES (24 diapositivas)
=======================================================
  ✓ Slide 1/24 lista (20.1s)
  ✓ Slide 2/24 lista (37.7s)
  ✓ Slide 3/24 lista (57.0s)
  ✓ Slide 4/24 lista (119.2s)
  ✓ Slide 5/24 lista (93.2s)
  ✓ Slide 6/24 lista (23.9s)
  ✓ Slide 7/24 lista (42.3s)
  ✓ Slide 8/24 lista (63.3s)
  ✓ Slide 9/24 lista (64.8s)
  ✓ Slide 10/24 lista (101.0s)
  ✓ Slide 11/24 lista (107.4s)
  ✓ Slide 12/24 lista (20.8s)
  ✓ Slide 13/24 lista (124.3s)
  ✓ Slide 14/24 lista (146.7s)
  ✓ Slide 15/24 lista (123.6s)
  ✓ Slide 16/24 lista (77.3s)
  ✓ Slide 17/24 lista (48.6s)
  ✓ Slide 18/24 lista (87.3s)
  ✓ Slide 19/24 lista (60.8s)
  ✓ Slide 20/24 lista (95.4s)
  ✓ Slide 21/24 lista (87.2s)
  ✓ Slide 22/24 lista (99.7s)
  ✓ Slide 23/24 lista (97.6s)
  ✓ Slide 24/24 lista (104.5s)
✅ ¡Clase Pedagógica Completada y Guardada!: 10_ItemInv_41_Valuation_ValMethods_ES (24 slides, 1918.1s)
  [Bitácora] 10_ItemInv_41_Valuation_ValMethods_ES marcado como '[x] Completado (Clase Pedagógica)' en PLAN_MAESTRO.

>>> [19/50] Re-procesando: 10_ItemInv_51_SNBatch_SNBatch_ES

=======================================================
🎬 [CORRECCIÓN/RE-RENDER] 10_ItemInv_51_SNBatch_SNBatch_ES (11 diapositivas)
=======================================================
  ✓ Slide 1/11 lista (21.8s)
  ✓ Slide 2/11 lista (32.9s)
  ✓ Slide 3/11 lista (66.0s)
  ✓ Slide 4/11 lista (46.8s)
  ✓ Slide 5/11 lista (54.3s)
  ✓ Slide 6/11 lista (24.1s)
  ✓ Slide 7/11 lista (55.7s)
  ✓ Slide 8/11 lista (99.8s)
  ✓ Slide 9/11 lista (64.1s)
  ✓ Slide 10/11 lista (74.6s)
  ✓ Slide 11/11 lista (96.5s)
✅ ¡Clase Pedagógica Completada y Guardada!: 10_ItemInv_51_SNBatch_SNBatch_ES (11 slides, 643.0s)
  [Bitácora] 10_ItemInv_51_SNBatch_SNBatch_ES marcado como '[x] Completado (Clase Pedagógica)' en PLAN_MAESTRO.

>>> [20/50] Re-procesando: 10_Item_22_UoM_Setup

=======================================================
🎬 [CORRECCIÓN/RE-RENDER] 10_Item_22_UoM_Setup (17 diapositivas)
=======================================================
  ✓ Slide 1/17 lista (22.1s)
  ✓ Slide 2/17 lista (8.7s)
  ✓ Slide 3/17 lista (51.3s)
  ✓ Slide 4/17 lista (61.8s)
  ✓ Slide 5/17 lista (75.4s)
  ✓ Slide 6/17 lista (56.1s)
  ✓ Slide 7/17 lista (52.3s)
  ✓ Slide 8/17 lista (25.7s)
  ✓ Slide 9/17 lista (88.9s)
  ✓ Slide 10/17 lista (63.9s)
  ✓ Slide 11/17 lista (101.6s)
  ✓ Slide 12/17 lista (85.1s)
  ✓ Slide 13/17 lista (25.6s)
  ✓ Slide 14/17 lista (70.9s)
  ✓ Slide 15/17 lista (45.6s)
  ✓ Slide 16/17 lista (92.7s)
  ✓ Slide 17/17 lista (132.2s)
✅ ¡Clase Pedagógica Completada y Guardada!: 10_Item_22_UoM_Setup (17 slides, 1070.0s)
  [Bitácora] 10_Item_22_UoM_Setup marcado como '[x] Completado (Clase Pedagógica)' en PLAN_MAESTRO.

>>> [21/50] Re-procesando: 10_Item_23_UoM_Weight

=======================================================
🎬 [CORRECCIÓN/RE-RENDER] 10_Item_23_UoM_Weight (14 diapositivas)
=======================================================
  ✓ Slide 1/14 lista (21.5s)
  ✓ Slide 2/14 lista (15.9s)
  ✓ Slide 3/14 lista (51.3s)
  ✓ Slide 4/14 lista (93.7s)
  ✓ Slide 5/14 lista (96.3s)
  ✓ Slide 6/14 lista (99.6s)
  ✓ Slide 7/14 lista (112.2s)
  ✓ Slide 8/14 lista (43.0s)
  ✓ Slide 9/14 lista (81.1s)
  ✓ Slide 10/14 lista (102.8s)
  ✓ Slide 11/14 lista (74.1s)
  ✓ Slide 12/14 lista (76.4s)
  ✓ Slide 13/14 lista (12.6s)
  ✓ Slide 14/14 lista (132.2s)
✅ ¡Clase Pedagógica Completada y Guardada!: 10_Item_23_UoM_Weight (14 slides, 1021.0s)
  [Bitácora] 10_Item_23_UoM_Weight marcado como '[x] Completado (Clase Pedagógica)' en PLAN_MAESTRO.

>>> [22/50] Re-procesando: 10_Item_24_UoM_Packaging

=======================================================
🎬 [CORRECCIÓN/RE-RENDER] 10_Item_24_UoM_Packaging (17 diapositivas)
=======================================================
  ✓ Slide 1/17 lista (21.3s)
  ✓ Slide 2/17 lista (22.8s)
  ✓ Slide 3/17 lista (46.8s)
  ✓ Slide 4/17 lista (39.7s)
  ✓ Slide 5/17 lista (46.3s)
  ✓ Slide 6/17 lista (61.5s)
  ✓ Slide 7/17 lista (80.0s)
  ✓ Slide 8/17 lista (53.3s)
  ✓ Slide 9/17 lista (63.0s)
  ✓ Slide 10/17 lista (62.3s)
  ✓ Slide 11/17 lista (62.6s)
  ✓ Slide 12/17 lista (89.7s)
  ✓ Slide 13/17 lista (77.4s)
  ✓ Slide 14/17 lista (25.7s)
  ✓ Slide 15/17 lista (57.7s)
  ✓ Slide 16/17 lista (128.8s)
  ✓ Slide 17/17 lista (132.2s)
✅ ¡Clase Pedagógica Completada y Guardada!: 10_Item_24_UoM_Packaging (17 slides, 1081.3s)
  [Bitácora] 10_Item_24_UoM_Packaging marcado como '[x] Completado (Clase Pedagógica)' en PLAN_MAESTRO.

>>> [23/50] Re-procesando: 10_Item_42_SNBatch_Valuation

=======================================================
🎬 [CORRECCIÓN/RE-RENDER] 10_Item_42_SNBatch_Valuation (26 diapositivas)
=======================================================
  ✓ Slide 1/26 lista (22.6s)
  ✓ Slide 2/26 lista (16.8s)
  ✓ Slide 3/26 lista (70.9s)
  ✓ Slide 4/26 lista (38.7s)
  ✓ Slide 5/26 lista (86.6s)
  ✓ Slide 6/26 lista (60.2s)
  ✓ Slide 7/26 lista (86.6s)
  ✓ Slide 8/26 lista (56.2s)
  ✓ Slide 9/26 lista (74.0s)
  ✓ Slide 10/26 lista (75.4s)
  ✓ Slide 11/26 lista (65.1s)
  ✓ Slide 12/26 lista (138.1s)
  ✓ Slide 13/26 lista (108.0s)
  ✓ Slide 14/26 lista (48.6s)
  ✓ Slide 15/26 lista (126.2s)
  ✓ Slide 16/26 lista (10.5s)
  ✓ Slide 17/26 lista (42.0s)
  ✓ Slide 18/26 lista (54.0s)
  ✓ Slide 19/26 lista (47.4s)
  ✓ Slide 20/26 lista (27.6s)
  ✓ Slide 21/26 lista (29.4s)
  ✓ Slide 22/26 lista (48.0s)
  ✓ Slide 23/26 lista (50.9s)
  ✓ Slide 24/26 lista (39.0s)
  ✓ Slide 25/26 lista (107.1s)
  ✓ Slide 26/26 lista (132.2s)
✅ ¡Clase Pedagógica Completada y Guardada!: 10_Item_42_SNBatch_Valuation (26 slides, 1677.7s)
  [Bitácora] 10_Item_42_SNBatch_Valuation marcado como '[x] Completado (Clase Pedagógica)' en PLAN_MAESTRO.

>>> [24/50] Re-procesando: 10_MRP_11_MRP_Process_ES

=======================================================
🎬 [CORRECCIÓN/RE-RENDER] 10_MRP_11_MRP_Process_ES (26 diapositivas)
=======================================================
  ✓ Slide 1/26 lista (23.9s)
  ✓ Slide 2/26 lista (46.1s)
  ✓ Slide 3/26 lista (37.9s)
  ✓ Slide 4/26 lista (121.0s)
  ✓ Slide 5/26 lista (12.5s)
  ✓ Slide 6/26 lista (132.1s)
  ✓ Slide 7/26 lista (100.8s)
  ✓ Slide 8/26 lista (70.3s)
  ✓ Slide 9/26 lista (83.3s)
  ✓ Slide 10/26 lista (149.6s)
  ✓ Slide 11/26 lista (52.0s)
  ✓ Slide 12/26 lista (49.9s)
  ✓ Slide 13/26 lista (129.0s)
  ✓ Slide 14/26 lista (78.0s)
  ✓ Slide 15/26 lista (162.0s)
  ✓ Slide 16/26 lista (46.3s)
  ✓ Slide 17/26 lista (65.5s)
  ✓ Slide 18/26 lista (55.0s)
  ✓ Slide 19/26 lista (61.8s)
  ✓ Slide 20/26 lista (60.6s)
  ✓ Slide 21/26 lista (110.6s)
  ✓ Slide 22/26 lista (41.5s)
  ✓ Slide 23/26 lista (18.8s)
  ✓ Slide 24/26 lista (98.4s)
  ✓ Slide 25/26 lista (156.3s)
  ✓ Slide 26/26 lista (71.3s)
✅ ¡Clase Pedagógica Completada y Guardada!: 10_MRP_11_MRP_Process_ES (26 slides, 2049.9s)
  [Bitácora] 10_MRP_11_MRP_Process_ES marcado como '[x] Completado (Clase Pedagógica)' en PLAN_MAESTRO.

>>> [25/50] Re-procesando: 10_MRP_12_ConsumeForecast

=======================================================
🎬 [CORRECCIÓN/RE-RENDER] 10_MRP_12_ConsumeForecast (26 diapositivas)
=======================================================
  ✓ Slide 1/26 lista (28.3s)
  ✓ Slide 2/26 lista (18.6s)
  ✓ Slide 3/26 lista (32.6s)
  ✓ Slide 4/26 lista (47.4s)
  ✓ Slide 5/26 lista (105.6s)
  ✓ Slide 6/26 lista (25.2s)
  ✓ Slide 7/26 lista (63.0s)
  ✓ Slide 8/26 lista (94.6s)
  ✓ Slide 9/26 lista (7.8s)
  ✓ Slide 10/26 lista (37.6s)
  ✓ Slide 11/26 lista (56.2s)
  ✓ Slide 12/26 lista (40.6s)
  ✓ Slide 13/26 lista (60.9s)
  ✓ Slide 14/26 lista (88.5s)
  ✓ Slide 15/26 lista (43.8s)
  ✓ Slide 16/26 lista (51.2s)
  ✓ Slide 17/26 lista (50.2s)
  ✓ Slide 18/26 lista (43.5s)
  ✓ Slide 19/26 lista (37.8s)
  ✓ Slide 20/26 lista (62.7s)
  ✓ Slide 21/26 lista (88.3s)
  ✓ Slide 22/26 lista (7.6s)
  ✓ Slide 23/26 lista (35.5s)
  ✓ Slide 24/26 lista (97.2s)
  ✓ Slide 25/26 lista (78.1s)
  ✓ Slide 26/26 lista (131.8s)
✅ ¡Clase Pedagógica Completada y Guardada!: 10_MRP_12_ConsumeForecast (26 slides, 1450.4s)
  [Bitácora] 10_MRP_12_ConsumeForecast marcado como '[x] Completado (Clase Pedagógica)' en PLAN_MAESTRO.

>>> [26/50] Re-procesando: 10_MRP_13_MRP_BOM

=======================================================
🎬 [CORRECCIÓN/RE-RENDER] 10_MRP_13_MRP_BOM (28 diapositivas)
=======================================================
  ✓ Slide 1/28 lista (39.4s)
  ✓ Slide 2/28 lista (23.8s)
  ✓ Slide 3/28 lista (40.7s)
  ✓ Slide 4/28 lista (17.5s)
  ✓ Slide 5/28 lista (7.4s)
  ✓ Slide 6/28 lista (62.5s)
  ✓ Slide 7/28 lista (68.5s)
  ✓ Slide 8/28 lista (33.3s)
  ✓ Slide 9/28 lista (31.1s)
  ✓ Slide 10/28 lista (39.5s)
  ✓ Slide 11/28 lista (2.8s)
  ✓ Slide 12/28 lista (35.9s)
  ✓ Slide 13/28 lista (76.7s)
  ✓ Slide 14/28 lista (59.4s)
  ✓ Slide 15/28 lista (49.3s)
  ✓ Slide 16/28 lista (75.2s)
  ✓ Slide 17/28 lista (72.2s)
  ✓ Slide 18/28 lista (66.6s)
  ✓ Slide 19/28 lista (2.8s)
  ✓ Slide 20/28 lista (35.6s)
  ✓ Slide 21/28 lista (45.6s)
  ✓ Slide 22/28 lista (3.4s)
  ✓ Slide 23/28 lista (58.1s)
  ✓ Slide 24/28 lista (48.0s)
  ✓ Slide 25/28 lista (31.9s)
  ✓ Slide 26/28 lista (102.3s)
  ✓ Slide 27/28 lista (11.2s)
  ✓ Slide 28/28 lista (131.8s)
✅ ¡Clase Pedagógica Completada y Guardada!: 10_MRP_13_MRP_BOM (28 slides, 1289.4s)
  [Bitácora] 10_MRP_13_MRP_BOM marcado como '[x] Completado (Clase Pedagógica)' en PLAN_MAESTRO.

>>> [27/50] Re-procesando: 10_Overview_13_MDDoc_ES

=======================================================
🎬 [CORRECCIÓN/RE-RENDER] 10_Overview_13_MDDoc_ES (14 diapositivas)
=======================================================
  ✓ Slide 1/14 lista (19.9s)
  ✓ Slide 2/14 lista (26.6s)
  ✓ Slide 3/14 lista (54.1s)
  ✓ Slide 4/14 lista (65.9s)
  ✓ Slide 5/14 lista (37.2s)
  ✓ Slide 6/14 lista (52.7s)
  ✓ Slide 7/14 lista (129.7s)
  ✓ Slide 8/14 lista (145.0s)
  ✓ Slide 9/14 lista (83.0s)
  ✓ Slide 10/14 lista (47.9s)
  ✓ Slide 11/14 lista (80.2s)
  ✓ Slide 12/14 lista (67.8s)
  ✓ Slide 13/14 lista (73.6s)
  ✓ Slide 14/14 lista (88.2s)
✅ ¡Clase Pedagógica Completada y Guardada!: 10_Overview_13_MDDoc_ES (14 slides, 980.2s)
  [Bitácora] 10_Overview_13_MDDoc_ES marcado como '[x] Completado (Clase Pedagógica)' en PLAN_MAESTRO.

>>> [28/50] Re-procesando: 10_Pricing_11_Concept_PrConcept_ES

=======================================================
🎬 [CORRECCIÓN/RE-RENDER] 10_Pricing_11_Concept_PrConcept_ES (28 diapositivas)
=======================================================
  ✓ Slide 1/28 lista (19.7s)
  ✓ Slide 2/28 lista (40.1s)
  ✓ Slide 3/28 lista (50.2s)
  ✓ Slide 4/28 lista (65.9s)
  ✓ Slide 5/28 lista (45.9s)
  ✓ Slide 6/28 lista (61.8s)
  ✓ Slide 7/28 lista (47.4s)
  ✓ Slide 8/28 lista (61.9s)
  ✓ Slide 9/28 lista (36.3s)
  ✓ Slide 10/28 lista (119.5s)
  ✓ Slide 11/28 lista (68.4s)
  ✓ Slide 12/28 lista (112.8s)
  ✓ Slide 13/28 lista (54.4s)
  ✓ Slide 14/28 lista (69.6s)
  ✓ Slide 15/28 lista (37.9s)
  ✓ Slide 16/28 lista (46.9s)
  ✓ Slide 17/28 lista (69.1s)
  ✓ Slide 18/28 lista (63.6s)
  ✓ Slide 19/28 lista (84.6s)
  ✓ Slide 20/28 lista (56.8s)
  ✓ Slide 21/28 lista (83.4s)
  ✓ Slide 22/28 lista (106.8s)
  ✓ Slide 23/28 lista (76.9s)
  ✓ Slide 24/28 lista (53.2s)
  ✓ Slide 25/28 lista (38.1s)
  ✓ Slide 26/28 lista (100.5s)
  ✓ Slide 27/28 lista (200.8s)
  ✓ Slide 28/28 lista (10.8s)
✅ ¡Clase Pedagógica Completada y Guardada!: 10_Pricing_11_Concept_PrConcept_ES (28 slides, 1900.1s)
  [Bitácora] 10_Pricing_11_Concept_PrConcept_ES marcado como '[x] Completado (Clase Pedagógica)' en PLAN_MAESTRO.

>>> [29/50] Re-procesando: 10_Pricing_21_Pricelist_CreatePricelist_ES

=======================================================
🎬 [CORRECCIÓN/RE-RENDER] 10_Pricing_21_Pricelist_CreatePricelist_ES (19 diapositivas)
=======================================================
  ✓ Slide 1/19 lista (21.2s)
  ✓ Slide 2/19 lista (13.2s)
  ✓ Slide 3/19 lista (87.6s)
  ✓ Slide 4/19 lista (78.2s)
  ✓ Slide 5/19 lista (38.7s)
  ✓ Slide 6/19 lista (62.9s)
  ✓ Slide 7/19 lista (64.2s)
  ✓ Slide 8/19 lista (96.9s)
  ✓ Slide 9/19 lista (18.0s)
  ✓ Slide 10/19 lista (61.0s)
  ✓ Slide 11/19 lista (96.6s)
  ✓ Slide 12/19 lista (129.4s)
  ✓ Slide 13/19 lista (96.5s)
  ✓ Slide 14/19 lista (121.2s)
  ✓ Slide 15/19 lista (50.5s)
  ✓ Slide 16/19 lista (61.6s)
  ✓ Slide 17/19 lista (72.4s)
  ✓ Slide 18/19 lista (239.2s)
  ✓ Slide 19/19 lista (141.0s)
✅ ¡Clase Pedagógica Completada y Guardada!: 10_Pricing_21_Pricelist_CreatePricelist_ES (19 slides, 1561.9s)
  [Bitácora] 10_Pricing_21_Pricelist_CreatePricelist_ES marcado como '[x] Completado (Clase Pedagógica)' en PLAN_MAESTRO.

>>> [30/50] Re-procesando: 10_Pricing_22_Pricelist_UpdatePricelist_ES

=======================================================
🎬 [CORRECCIÓN/RE-RENDER] 10_Pricing_22_Pricelist_UpdatePricelist_ES (29 diapositivas)
=======================================================
  ✓ Slide 1/29 lista (22.0s)
  ✓ Slide 2/29 lista (16.1s)
  ✓ Slide 3/29 lista (92.9s)
  ✓ Slide 4/29 lista (95.6s)
  ✓ Slide 5/29 lista (94.1s)
  ✓ Slide 6/29 lista (86.2s)
  ✓ Slide 7/29 lista (68.3s)
  ✓ Slide 8/29 lista (65.9s)
  ✓ Slide 9/29 lista (89.4s)
  ✓ Slide 10/29 lista (106.1s)
  ✓ Slide 11/29 lista (61.6s)
  ✓ Slide 12/29 lista (86.5s)
  ✓ Slide 13/29 lista (61.0s)
  ✓ Slide 14/29 lista (51.0s)
  ✓ Slide 15/29 lista (66.3s)
  ✓ Slide 16/29 lista (81.6s)
  ✓ Slide 17/29 lista (50.5s)
  ✓ Slide 18/29 lista (50.2s)
  ✓ Slide 19/29 lista (83.7s)
  ✓ Slide 20/29 lista (47.7s)
  ✓ Slide 21/29 lista (64.2s)
  ✓ Slide 22/29 lista (75.0s)
  ✓ Slide 23/29 lista (64.4s)
  ✓ Slide 24/29 lista (76.9s)
  ✓ Slide 25/29 lista (98.5s)
  ✓ Slide 26/29 lista (102.0s)
  ✓ Slide 27/29 lista (50.6s)
  ✓ Slide 28/29 lista (98.4s)
  ✓ Slide 29/29 lista (141.2s)
✅ ¡Clase Pedagógica Completada y Guardada!: 10_Pricing_22_Pricelist_UpdatePricelist_ES (29 slides, 2165.4s)
  [Bitácora] 10_Pricing_22_Pricelist_UpdatePricelist_ES marcado como '[x] Completado (Clase Pedagógica)' en PLAN_MAESTRO.

>>> [31/50] Re-procesando: 10_Pricing_31_DiscSP_PerVolDisc_ES

=======================================================
🎬 [CORRECCIÓN/RE-RENDER] 10_Pricing_31_DiscSP_PerVolDisc_ES (12 diapositivas)
=======================================================
  ✓ Slide 1/12 lista (21.9s)
  ✓ Slide 2/12 lista (14.9s)
  ✓ Slide 3/12 lista (33.9s)
  ✓ Slide 4/12 lista (95.4s)
  ✓ Slide 5/12 lista (44.6s)
  ✓ Slide 6/12 lista (58.5s)
  ✓ Slide 7/12 lista (62.5s)
  ✓ Slide 8/12 lista (44.4s)
  ✓ Slide 9/12 lista (51.5s)
  ✓ Slide 10/12 lista (60.4s)
  ✓ Slide 11/12 lista (80.7s)
  ✓ Slide 12/12 lista (131.1s)
✅ ¡Clase Pedagógica Completada y Guardada!: 10_Pricing_31_DiscSP_PerVolDisc_ES (12 slides, 707.0s)
  [Bitácora] 10_Pricing_31_DiscSP_PerVolDisc_ES marcado como '[x] Completado (Clase Pedagógica)' en PLAN_MAESTRO.

>>> [32/50] Re-procesando: 10_Pricing_32_DiscSP_DiscGrp_ES

=======================================================
🎬 [CORRECCIÓN/RE-RENDER] 10_Pricing_32_DiscSP_DiscGrp_ES (26 diapositivas)
=======================================================
  ✓ Slide 1/26 lista (20.6s)
  ✓ Slide 2/26 lista (15.1s)
  ✓ Slide 3/26 lista (77.0s)
  ✓ Slide 4/26 lista (69.0s)
  ✓ Slide 5/26 lista (69.9s)
  ✓ Slide 6/26 lista (47.8s)
  ✓ Slide 7/26 lista (71.0s)
  ✓ Slide 8/26 lista (81.1s)
  ✓ Slide 9/26 lista (42.2s)
  ✓ Slide 10/26 lista (33.7s)
  ✓ Slide 11/26 lista (37.2s)
  ✓ Slide 12/26 lista (68.9s)
  ✓ Slide 13/26 lista (117.7s)
  ✓ Slide 14/26 lista (56.9s)
  ✓ Slide 15/26 lista (45.6s)
  ✓ Slide 16/26 lista (96.3s)
  ✓ Slide 17/26 lista (65.2s)
  ✓ Slide 18/26 lista (56.2s)
  ✓ Slide 19/26 lista (51.2s)
  ✓ Slide 20/26 lista (61.9s)
  ✓ Slide 21/26 lista (93.3s)
  ✓ Slide 22/26 lista (49.0s)
  ✓ Slide 23/26 lista (80.1s)
  ✓ Slide 24/26 lista (97.8s)
  ✓ Slide 25/26 lista (62.2s)
  ✓ Slide 26/26 lista (163.6s)
✅ ¡Clase Pedagógica Completada y Guardada!: 10_Pricing_32_DiscSP_DiscGrp_ES (26 slides, 1746.2s)
  [Bitácora] 10_Pricing_32_DiscSP_DiscGrp_ES marcado como '[x] Completado (Clase Pedagógica)' en PLAN_MAESTRO.

>>> [33/50] Re-procesando: 10_Pricing_33_DiscSP_SpPrBP_ES

=======================================================
🎬 [CORRECCIÓN/RE-RENDER] 10_Pricing_33_DiscSP_SpPrBP_ES (9 diapositivas)
=======================================================
  ✓ Slide 1/9 lista (24.2s)
  ✓ Slide 2/9 lista (20.5s)
  ✓ Slide 3/9 lista (52.0s)
  ✓ Slide 4/9 lista (66.8s)
  ✓ Slide 5/9 lista (78.8s)
  ✓ Slide 6/9 lista (81.0s)
  ✓ Slide 7/9 lista (82.5s)
  ✓ Slide 8/9 lista (59.4s)
  ✓ Slide 9/9 lista (137.6s)
✅ ¡Clase Pedagógica Completada y Guardada!: 10_Pricing_33_DiscSP_SpPrBP_ES (9 slides, 608.3s)
  [Bitácora] 10_Pricing_33_DiscSP_SpPrBP_ES marcado como '[x] Completado (Clase Pedagógica)' en PLAN_MAESTRO.

>>> [34/50] Re-procesando: 10_Production_11_Overview_Overview_ES

=======================================================
🎬 [CORRECCIÓN/RE-RENDER] 10_Production_11_Overview_Overview_ES (8 diapositivas)
=======================================================
  ✓ Slide 1/8 lista (21.0s)
  ✓ Slide 2/8 lista (23.1s)
  ✓ Slide 3/8 lista (67.6s)
  ✓ Slide 4/8 lista (55.5s)
  ✓ Slide 5/8 lista (61.6s)
  ✓ Slide 6/8 lista (41.8s)
  ✓ Slide 7/8 lista (75.0s)
  ✓ Slide 8/8 lista (44.5s)
✅ ¡Clase Pedagógica Completada y Guardada!: 10_Production_11_Overview_Overview_ES (8 slides, 395.0s)
  [Bitácora] 10_Production_11_Overview_Overview_ES marcado como '[x] Completado (Clase Pedagógica)' en PLAN_MAESTRO.

>>> [35/50] Re-procesando: 10_Production_21_Resources_Resources_ES

=======================================================
🎬 [CORRECCIÓN/RE-RENDER] 10_Production_21_Resources_Resources_ES (12 diapositivas)
=======================================================
  ✓ Slide 1/12 lista (18.6s)
  ✓ Slide 2/12 lista (39.1s)
  ✓ Slide 3/12 lista (47.7s)
  ✓ Slide 4/12 lista (37.1s)
  ✓ Slide 5/12 lista (78.8s)
  ✓ Slide 6/12 lista (40.5s)
  ✓ Slide 7/12 lista (73.9s)
  ✓ Slide 8/12 lista (124.6s)
  ✓ Slide 9/12 lista (106.3s)
  ✓ Slide 10/12 lista (155.5s)
  ✓ Slide 11/12 lista (90.6s)
  ✓ Slide 12/12 lista (83.8s)
✅ ¡Clase Pedagógica Completada y Guardada!: 10_Production_21_Resources_Resources_ES (12 slides, 903.7s)
  [Bitácora] 10_Production_21_Resources_Resources_ES marcado como '[x] Completado (Clase Pedagógica)' en PLAN_MAESTRO.

>>> [36/50] Re-procesando: 10_Production_22_Resources_Capacity_ES

=======================================================
🎬 [CORRECCIÓN/RE-RENDER] 10_Production_22_Resources_Capacity_ES (15 diapositivas)
=======================================================
  ✓ Slide 1/15 lista (20.1s)
  ✓ Slide 2/15 lista (21.0s)
  ✓ Slide 3/15 lista (38.8s)
  ✓ Slide 4/15 lista (66.0s)
  ✓ Slide 5/15 lista (75.0s)
  ✓ Slide 6/15 lista (100.2s)
  ✓ Slide 7/15 lista (56.9s)
  ✓ Slide 8/15 lista (66.2s)
  ✓ Slide 9/15 lista (134.8s)
  ✓ Slide 10/15 lista (3.9s)
  ✓ Slide 11/15 lista (129.9s)
  ✓ Slide 12/15 lista (149.5s)
  ✓ Slide 13/15 lista (5.8s)
  ✓ Slide 14/15 lista (86.2s)
  ✓ Slide 15/15 lista (104.3s)
✅ ¡Clase Pedagógica Completada y Guardada!: 10_Production_22_Resources_Capacity_ES (15 slides, 1067.6s)
  [Bitácora] 10_Production_22_Resources_Capacity_ES marcado como '[x] Completado (Clase Pedagógica)' en PLAN_MAESTRO.

>>> [37/50] Re-procesando: 10_Production_31_BOM_BOM_ES

=======================================================
🎬 [CORRECCIÓN/RE-RENDER] 10_Production_31_BOM_BOM_ES (15 diapositivas)
=======================================================
  ✓ Slide 1/15 lista (25.4s)
  ✓ Slide 2/15 lista (18.9s)
  ✓ Slide 3/15 lista (87.3s)
  ✓ Slide 4/15 lista (61.3s)
  ✓ Slide 5/15 lista (37.7s)
  ✓ Slide 6/15 lista (82.5s)
  ✓ Slide 7/15 lista (140.6s)
  ✓ Slide 8/15 lista (24.9s)
  ✓ Slide 9/15 lista (69.9s)
  ✓ Slide 10/15 lista (90.5s)
  ✓ Slide 11/15 lista (135.9s)
  ✓ Slide 12/15 lista (27.9s)
  ✓ Slide 13/15 lista (84.0s)
  ✓ Slide 14/15 lista (76.4s)
  ✓ Slide 15/15 lista (90.3s)
✅ ¡Clase Pedagógica Completada y Guardada!: 10_Production_31_BOM_BOM_ES (15 slides, 1062.6s)
  [Bitácora] 10_Production_31_BOM_BOM_ES marcado como '[x] Completado (Clase Pedagógica)' en PLAN_MAESTRO.

>>> [38/50] Re-procesando: 10_Production_41_Process_BasicProductionProcess_ES

=======================================================
🎬 [CORRECCIÓN/RE-RENDER] 10_Production_41_Process_BasicProductionProcess_ES (12 diapositivas)
=======================================================
  ✓ Slide 1/12 lista (27.3s)
  ✓ Slide 2/12 lista (14.1s)
  ✓ Slide 3/12 lista (80.5s)
  ✓ Slide 4/12 lista (64.1s)
  ✓ Slide 5/12 lista (131.1s)
  ✓ Slide 6/12 lista (37.8s)
  ✓ Slide 7/12 lista (100.3s)
  ✓ Slide 8/12 lista (77.1s)
  ✓ Slide 9/12 lista (11.8s)
  ✓ Slide 10/12 lista (60.4s)
  ✓ Slide 11/12 lista (68.7s)
  ✓ Slide 12/12 lista (132.2s)
✅ ¡Clase Pedagógica Completada y Guardada!: 10_Production_41_Process_BasicProductionProcess_ES (12 slides, 812.6s)
  [Bitácora] 10_Production_41_Process_BasicProductionProcess_ES marcado como '[x] Completado (Clase Pedagógica)' en PLAN_MAESTRO.

>>> [39/50] Re-procesando: 10_Production_42_Process_ByProductsandAdditional

=======================================================
🎬 [CORRECCIÓN/RE-RENDER] 10_Production_42_Process_ByProductsandAdditional (9 diapositivas)
=======================================================
  ✓ Slide 1/9 lista (28.2s)
  ✓ Slide 2/9 lista (29.5s)
  ✓ Slide 3/9 lista (76.6s)
  ✓ Slide 4/9 lista (46.2s)
  ✓ Slide 5/9 lista (57.2s)
  ✓ Slide 6/9 lista (60.9s)
  ✓ Slide 7/9 lista (65.6s)
  ✓ Slide 8/9 lista (55.0s)
  ✓ Slide 9/9 lista (132.2s)
✅ ¡Clase Pedagógica Completada y Guardada!: 10_Production_42_Process_ByProductsandAdditional (9 slides, 556.9s)
  [Bitácora] 10_Production_42_Process_ByProductsandAdditional marcado como '[x] Completado (Clase Pedagógica)' en PLAN_MAESTRO.

>>> [40/50] Re-procesando: 10_Production_42_Process_RoutingProductionProcess_ES

=======================================================
🎬 [CORRECCIÓN/RE-RENDER] 10_Production_42_Process_RoutingProductionProcess_ES (14 diapositivas)
=======================================================
  ✓ Slide 1/14 lista (32.3s)
  ✓ Slide 2/14 lista (12.4s)
  ✓ Slide 3/14 lista (34.3s)
  ✓ Slide 4/14 lista (41.6s)
  ✓ Slide 5/14 lista (59.4s)
  ✓ Slide 6/14 lista (80.2s)
  ✓ Slide 7/14 lista (62.4s)
  ✓ Slide 8/14 lista (148.4s)
  ✓ Slide 9/14 lista (9.7s)
  ✓ Slide 10/14 lista (121.6s)
  ✓ Slide 11/14 lista (70.2s)
  ✓ Slide 12/14 lista (60.1s)
  ✓ Slide 13/14 lista (101.8s)
  ✓ Slide 14/14 lista (46.0s)
✅ ¡Clase Pedagógica Completada y Guardada!: 10_Production_42_Process_RoutingProductionProcess_ES (14 slides, 888.9s)
  [Bitácora] 10_Production_42_Process_RoutingProductionProcess_ES marcado como '[x] Completado (Clase Pedagógica)' en PLAN_MAESTRO.

>>> [41/50] Re-procesando: 10_Production_51_Accounting_Accounting

=======================================================
🎬 [CORRECCIÓN/RE-RENDER] 10_Production_51_Accounting_Accounting (11 diapositivas)
=======================================================
  ✓ Slide 1/11 lista (31.6s)
  ✓ Slide 2/11 lista (42.2s)
  ✓ Slide 3/11 lista (56.4s)
  ✓ Slide 4/11 lista (136.5s)
  ✓ Slide 5/11 lista (64.5s)
  ✓ Slide 6/11 lista (104.4s)
  ✓ Slide 7/11 lista (47.4s)
  ✓ Slide 8/11 lista (111.7s)
  ✓ Slide 9/11 lista (79.8s)
  ✓ Slide 10/11 lista (83.5s)
  ✓ Slide 11/11 lista (132.2s)
✅ ¡Clase Pedagógica Completada y Guardada!: 10_Production_51_Accounting_Accounting (11 slides, 896.9s)
  [Bitácora] 10_Production_51_Accounting_Accounting marcado como '[x] Completado (Clase Pedagógica)' en PLAN_MAESTRO.

>>> [42/50] Re-procesando: 10_Production_52_Accounting_Cost

=======================================================
🎬 [CORRECCIÓN/RE-RENDER] 10_Production_52_Accounting_Cost (11 diapositivas)
=======================================================
  ✓ Slide 1/11 lista (39.2s)
  ✓ Slide 2/11 lista (27.1s)
  ✓ Slide 3/11 lista (56.6s)
  ✓ Slide 4/11 lista (65.5s)
  ✓ Slide 5/11 lista (86.4s)
  ✓ Slide 6/11 lista (31.6s)
  ✓ Slide 7/11 lista (109.8s)
  ✓ Slide 8/11 lista (42.0s)
  ✓ Slide 9/11 lista (65.5s)
  ✓ Slide 10/11 lista (69.5s)
  ✓ Slide 11/11 lista (132.2s)
✅ ¡Clase Pedagógica Completada y Guardada!: 10_Production_52_Accounting_Cost (11 slides, 732.3s)
  [Bitácora] 10_Production_52_Accounting_Cost marcado como '[x] Completado (Clase Pedagógica)' en PLAN_MAESTRO.

>>> [43/50] Re-procesando: 10_ProjectManage_11_ProjectManage

=======================================================
🎬 [CORRECCIÓN/RE-RENDER] 10_ProjectManage_11_ProjectManage (31 diapositivas)
=======================================================
  ✓ Slide 1/31 lista (34.8s)
  ✓ Slide 2/31 lista (37.6s)
  ✓ Slide 3/31 lista (69.4s)
  ✓ Slide 4/31 lista (31.5s)
  ✓ Slide 5/31 lista (19.6s)
  ✓ Slide 6/31 lista (73.3s)
  ✓ Slide 7/31 lista (35.7s)
  ✓ Slide 8/31 lista (80.7s)
  ✓ Slide 9/31 lista (74.5s)
  ✓ Slide 10/31 lista (26.4s)
  ✓ Slide 11/31 lista (40.8s)
  ✓ Slide 12/31 lista (58.2s)
  ✓ Slide 13/31 lista (58.6s)
  ✓ Slide 14/31 lista (28.7s)
  ✓ Slide 15/31 lista (73.0s)
  ✓ Slide 16/31 lista (37.3s)
  ✓ Slide 17/31 lista (40.5s)
  ✓ Slide 18/31 lista (71.1s)
  ✓ Slide 19/31 lista (17.3s)
  ✓ Slide 20/31 lista (68.3s)
  ✓ Slide 21/31 lista (43.6s)
  ✓ Slide 22/31 lista (34.3s)
  ✓ Slide 23/31 lista (67.5s)
  ✓ Slide 24/31 lista (44.5s)
  ✓ Slide 25/31 lista (62.9s)
  ✓ Slide 26/31 lista (35.7s)
  ✓ Slide 27/31 lista (34.5s)
  ✓ Slide 28/31 lista (62.8s)
  ✓ Slide 29/31 lista (88.3s)
  ✓ Slide 30/31 lista (117.3s)
  ✓ Slide 31/31 lista (132.2s)
✅ ¡Clase Pedagógica Completada y Guardada!: 10_ProjectManage_11_ProjectManage (31 slides, 1719.6s)
  [Bitácora] 10_ProjectManage_11_ProjectManage marcado como '[x] Completado (Clase Pedagógica)' en PLAN_MAESTRO.

>>> [44/50] Re-procesando: 10_ProjectManage_11_ProjectManage_Billing

=======================================================
🎬 [CORRECCIÓN/RE-RENDER] 10_ProjectManage_11_ProjectManage_Billing (13 diapositivas)
=======================================================
  ✓ Slide 1/13 lista (29.0s)
  ✓ Slide 2/13 lista (20.1s)
  ✓ Slide 3/13 lista (73.7s)
  ✓ Slide 4/13 lista (50.5s)
  ✓ Slide 5/13 lista (47.7s)
  ✓ Slide 6/13 lista (24.0s)
  ✓ Slide 7/13 lista (97.2s)
  ✓ Slide 8/13 lista (84.4s)
  ✓ Slide 9/13 lista (27.2s)
  ✓ Slide 10/13 lista (90.3s)
  ✓ Slide 11/13 lista (67.3s)
  ✓ Slide 12/13 lista (96.8s)
  ✓ Slide 13/13 lista (131.8s)
✅ ¡Clase Pedagógica Completada y Guardada!: 10_ProjectManage_11_ProjectManage_Billing (13 slides, 847.8s)
  [Bitácora] 10_ProjectManage_11_ProjectManage_Billing marcado como '[x] Completado (Clase Pedagógica)' en PLAN_MAESTRO.

>>> [45/50] Re-procesando: 10_Purch_11_Process_Process_ES

=======================================================
🎬 [CORRECCIÓN/RE-RENDER] 10_Purch_11_Process_Process_ES (12 diapositivas)
=======================================================
  ✓ Slide 1/12 lista (19.2s)
  ✓ Slide 2/12 lista (24.0s)
  ✓ Slide 3/12 lista (46.8s)
  ✓ Slide 4/12 lista (70.6s)
  ✓ Slide 5/12 lista (37.8s)
  ✓ Slide 6/12 lista (29.2s)
  ✓ Slide 7/12 lista (24.0s)
  ✓ Slide 8/12 lista (45.8s)
  ✓ Slide 9/12 lista (69.5s)
  ✓ Slide 10/12 lista (125.1s)
  ✓ Slide 11/12 lista (102.9s)
  ✓ Slide 12/12 lista (92.2s)
✅ ¡Clase Pedagógica Completada y Guardada!: 10_Purch_11_Process_Process_ES (12 slides, 694.4s)
  [Bitácora] 10_Purch_11_Process_Process_ES marcado como '[x] Completado (Clase Pedagógica)' en PLAN_MAESTRO.

>>> [46/50] Re-procesando: 10_Purch_12_Process_Items_ES

=======================================================
🎬 [CORRECCIÓN/RE-RENDER] 10_Purch_12_Process_Items_ES (25 diapositivas)
=======================================================
  ✓ Slide 1/25 lista (18.1s)
  ✓ Slide 2/25 lista (26.1s)
  ✓ Slide 3/25 lista (48.7s)
  ✓ Slide 4/25 lista (68.4s)
  ✓ Slide 5/25 lista (117.4s)
  ✓ Slide 6/25 lista (51.2s)
  ✓ Slide 7/25 lista (94.0s)
  ✓ Slide 8/25 lista (145.2s)
  ✓ Slide 9/25 lista (43.7s)
  ✓ Slide 10/25 lista (20.6s)
  ✓ Slide 11/25 lista (55.3s)
  ✓ Slide 12/25 lista (87.3s)
  ✓ Slide 13/25 lista (90.1s)
  ✓ Slide 14/25 lista (77.5s)
  ✓ Slide 15/25 lista (96.0s)
  ✓ Slide 16/25 lista (77.8s)
  ✓ Slide 17/25 lista (39.9s)
  ✓ Slide 18/25 lista (66.3s)
  ✓ Slide 19/25 lista (98.3s)
  ✓ Slide 20/25 lista (52.7s)
  ✓ Slide 21/25 lista (20.9s)
  ✓ Slide 22/25 lista (35.7s)
  ✓ Slide 23/25 lista (27.5s)
  ✓ Slide 24/25 lista (24.3s)
  ✓ Slide 25/25 lista (138.1s)
✅ ¡Clase Pedagógica Completada y Guardada!: 10_Purch_12_Process_Items_ES (25 slides, 1636.6s)
  [Bitácora] 10_Purch_12_Process_Items_ES marcado como '[x] Completado (Clase Pedagógica)' en PLAN_MAESTRO.

>>> [47/50] Re-procesando: 10_Purch_13_Process_PurchaseReqQt

=======================================================
🎬 [CORRECCIÓN/RE-RENDER] 10_Purch_13_Process_PurchaseReqQt (16 diapositivas)
=======================================================
  ✓ Slide 1/16 lista (21.7s)
  ✓ Slide 2/16 lista (17.7s)
  ✓ Slide 3/16 lista (56.8s)
  ✓ Slide 4/16 lista (71.4s)
  ✓ Slide 5/16 lista (59.2s)
  ✓ Slide 6/16 lista (80.2s)
  ✓ Slide 7/16 lista (15.3s)
  ✓ Slide 8/16 lista (17.2s)
  ✓ Slide 9/16 lista (71.7s)
  ✓ Slide 10/16 lista (74.7s)
  ✓ Slide 11/16 lista (68.8s)
  ✓ Slide 12/16 lista (69.1s)
  ✓ Slide 13/16 lista (24.4s)
  ✓ Slide 14/16 lista (60.3s)
  ✓ Slide 15/16 lista (68.7s)
  ✓ Slide 16/16 lista (132.2s)
✅ ¡Clase Pedagógica Completada y Guardada!: 10_Purch_13_Process_PurchaseReqQt (16 slides, 918.9s)
  [Bitácora] 10_Purch_13_Process_PurchaseReqQt marcado como '[x] Completado (Clase Pedagógica)' en PLAN_MAESTRO.

>>> [48/50] Re-procesando: 10_Sales_52_Issues_CM_ES

=======================================================
🎬 [CORRECCIÓN/RE-RENDER] 10_Sales_52_Issues_CM_ES (15 diapositivas)
=======================================================
  ✓ Slide 1/15 lista (19.1s)
  ✓ Slide 2/15 lista (21.6s)
  ✓ Slide 3/15 lista (75.5s)
  ✓ Slide 4/15 lista (64.1s)
  ✓ Slide 5/15 lista (58.7s)
  ✓ Slide 6/15 lista (71.2s)
  ✓ Slide 7/15 lista (49.8s)
  ✓ Slide 8/15 lista (89.4s)
  ✓ Slide 9/15 lista (77.0s)
  ✓ Slide 10/15 lista (43.7s)
  ✓ Slide 11/15 lista (40.4s)
  ✓ Slide 12/15 lista (91.2s)
  ✓ Slide 13/15 lista (74.7s)
  ✓ Slide 14/15 lista (150.4s)
  ✓ Slide 15/15 lista (126.0s)
✅ ¡Clase Pedagógica Completada y Guardada!: 10_Sales_52_Issues_CM_ES (15 slides, 1061.6s)
  [Bitácora] 10_Sales_52_Issues_CM_ES marcado como '[x] Completado (Clase Pedagógica)' en PLAN_MAESTRO.

>>> [49/50] Re-procesando: 10_Service_11_CSProcess_Process_ES

=======================================================
🎬 [CORRECCIÓN/RE-RENDER] 10_Service_11_CSProcess_Process_ES (28 diapositivas)
=======================================================
  ✓ Slide 1/28 lista (19.3s)
  ✓ Slide 2/28 lista (51.0s)
  ✓ Slide 3/28 lista (77.4s)
  ✓ Slide 4/28 lista (59.4s)
  ✓ Slide 5/28 lista (77.1s)
  ✓ Slide 6/28 lista (60.4s)
  ✓ Slide 7/28 lista (96.0s)
  ✓ Slide 8/28 lista (61.1s)
  ✓ Slide 9/28 lista (89.1s)
  ✓ Slide 10/28 lista (115.2s)
  ✓ Slide 11/28 lista (19.4s)
  ✓ Slide 12/28 lista (38.1s)
  ✓ Slide 13/28 lista (51.1s)
  ✓ Slide 14/28 lista (37.6s)
  ✓ Slide 15/28 lista (94.0s)
  ✓ Slide 16/28 lista (148.7s)
  ✓ Slide 17/28 lista (115.8s)
  ✓ Slide 18/28 lista (91.2s)
  ✓ Slide 19/28 lista (87.9s)
  ✓ Slide 20/28 lista (50.2s)
  ✓ Slide 21/28 lista (102.4s)
  ✓ Slide 22/28 lista (46.7s)
  ✓ Slide 23/28 lista (115.5s)
  ✓ Slide 24/28 lista (102.1s)
  ✓ Slide 25/28 lista (157.5s)
  ✓ Slide 26/28 lista (29.5s)
  ✓ Slide 27/28 lista (30.5s)
  ✓ Slide 28/28 lista (113.0s)
✅ ¡Clase Pedagógica Completada y Guardada!: 10_Service_11_CSProcess_Process_ES (28 slides, 2154.0s)
  [Bitácora] 10_Service_11_CSProcess_Process_ES marcado como '[x] Completado (Clase Pedagógica)' en PLAN_MAESTRO.

>>> [50/50] Re-procesando: 10_Support_11_SupportProcTool_ES

=======================================================
🎬 [CORRECCIÓN/RE-RENDER] 10_Support_11_SupportProcTool_ES (28 diapositivas)
=======================================================
  ✓ Slide 1/28 lista (21.8s)
  ✓ Slide 2/28 lista (59.5s)
  ✓ Slide 3/28 lista (15.0s)
  ✓ Slide 4/28 lista (73.1s)
  ✓ Slide 5/28 lista (181.5s)
  ✓ Slide 6/28 lista (122.4s)
  ✓ Slide 7/28 lista (105.4s)
  ✓ Slide 8/28 lista (9.4s)
  ✓ Slide 9/28 lista (170.4s)
  ✓ Slide 10/28 lista (84.6s)
  ✓ Slide 11/28 lista (104.6s)
  ✓ Slide 12/28 lista (79.1s)
  ✓ Slide 13/28 lista (102.3s)
  ✓ Slide 14/28 lista (15.7s)
  ✓ Slide 15/28 lista (90.2s)
  ✓ Slide 16/28 lista (128.6s)
  ✓ Slide 17/28 lista (120.8s)
  ✓ Slide 18/28 lista (64.6s)
  ✓ Slide 19/28 lista (65.5s)
  ✓ Slide 20/28 lista (75.0s)
  ✓ Slide 21/28 lista (17.1s)
  ✓ Slide 22/28 lista (168.2s)
  ✓ Slide 23/28 lista (10.4s)
  ✓ Slide 24/28 lista (145.3s)
  ✓ Slide 25/28 lista (164.5s)
  ✓ Slide 26/28 lista (147.5s)
  ✓ Slide 27/28 lista (184.0s)
  ✓ Slide 28/28 lista (134.1s)
✅ ¡Clase Pedagógica Completada y Guardada!: 10_Support_11_SupportProcTool_ES (28 slides, 2677.3s)
  [Bitácora] 10_Support_11_SupportProcTool_ES marcado como '[x] Completado (Clase Pedagógica)' en PLAN_MAESTRO.

=== RE-RENDERIZADO DE MANUALES CORREGIDOS CONCLUIDO AL 100% ===

=======================================================
🎬 [CORRECCIÓN/RE-RENDER] 10_Intro_12_Overview_GettingStarted_ES (29 diapositivas)
=======================================================
  ✓ Slide 1/29 lista (16.2s)
  ✓ Slide 2/29 lista (26.4s)
  ✓ Slide 3/29 lista (52.6s)
  ✓ Slide 4/29 lista (46.0s)
  ✓ Slide 5/29 lista (52.1s)
  ✓ Slide 6/29 lista (24.8s)
  ✓ Slide 7/29 lista (49.8s)
  ✓ Slide 8/29 lista (60.3s)
  ✓ Slide 9/29 lista (124.8s)
  ✓ Slide 10/29 lista (83.6s)
  ✓ Slide 11/29 lista (76.6s)
  ✓ Slide 12/29 lista (94.0s)
  ✓ Slide 13/29 lista (54.6s)
  ✓ Slide 14/29 lista (130.4s)
  ✓ Slide 15/29 lista (79.6s)
  ✓ Slide 16/29 lista (59.0s)
  ✓ Slide 17/29 lista (48.8s)
  ✓ Slide 18/29 lista (62.7s)
  ✓ Slide 19/29 lista (79.1s)
  ✓ Slide 20/29 lista (53.7s)
  ✓ Slide 21/29 lista (39.7s)
  ✓ Slide 22/29 lista (74.5s)
  ✓ Slide 23/29 lista (102.3s)
  ✓ Slide 24/29 lista (92.7s)
  ✓ Slide 25/29 lista (31.8s)
  ✓ Slide 26/29 lista (56.0s)
  ✓ Slide 27/29 lista (48.2s)
  ✓ Slide 28/29 lista (84.4s)
  ✓ Slide 29/29 lista (179.1s)
✅ ¡Clase Pedagógica Completada y Guardada!: 10_Intro_12_Overview_GettingStarted_ES (29 slides, 2001.4s)
  [Bitácora] 10_Intro_12_Overview_GettingStarted_ES marcado como '[x] Completado (Clase Pedagógica)' en PLAN_MAESTRO.
